Archive member included because of file (symbol)

c:/ac6/systemworkbench/plugins/fr.ac6.mcu.externaltools.arm-none.win32_1.3.0.201507241045/tools/compiler/bin/../lib/gcc/arm-none-eabi/4.9.3/armv7e-m/fpu\libgcc.a(_lshrdi3.o)
                              Drivers/STM32F3xx_HAL_Driver/stm32f3xx_hal_flash.o (__aeabi_llsr)
c:/ac6/systemworkbench/plugins/fr.ac6.mcu.externaltools.arm-none.win32_1.3.0.201507241045/tools/compiler/bin/../lib/gcc/arm-none-eabi/4.9.3/../../../../arm-none-eabi/lib/armv7e-m/fpu\libc_nano.a(lib_a-exit.o)
                              c:/ac6/systemworkbench/plugins/fr.ac6.mcu.externaltools.arm-none.win32_1.3.0.201507241045/tools/compiler/bin/../lib/gcc/arm-none-eabi/4.9.3/../../../../arm-none-eabi/lib/armv7e-m/fpu/crt0.o (exit)
c:/ac6/systemworkbench/plugins/fr.ac6.mcu.externaltools.arm-none.win32_1.3.0.201507241045/tools/compiler/bin/../lib/gcc/arm-none-eabi/4.9.3/../../../../arm-none-eabi/lib/armv7e-m/fpu\libc_nano.a(lib_a-impure.o)
                              c:/ac6/systemworkbench/plugins/fr.ac6.mcu.externaltools.arm-none.win32_1.3.0.201507241045/tools/compiler/bin/../lib/gcc/arm-none-eabi/4.9.3/../../../../arm-none-eabi/lib/armv7e-m/fpu\libc_nano.a(lib_a-exit.o) (_global_impure_ptr)
c:/ac6/systemworkbench/plugins/fr.ac6.mcu.externaltools.arm-none.win32_1.3.0.201507241045/tools/compiler/bin/../lib/gcc/arm-none-eabi/4.9.3/../../../../arm-none-eabi/lib/armv7e-m/fpu\libc_nano.a(lib_a-init.o)
                              c:/ac6/systemworkbench/plugins/fr.ac6.mcu.externaltools.arm-none.win32_1.3.0.201507241045/tools/compiler/bin/../lib/gcc/arm-none-eabi/4.9.3/../../../../arm-none-eabi/lib/armv7e-m/fpu/crt0.o (__libc_init_array)
c:/ac6/systemworkbench/plugins/fr.ac6.mcu.externaltools.arm-none.win32_1.3.0.201507241045/tools/compiler/bin/../lib/gcc/arm-none-eabi/4.9.3/../../../../arm-none-eabi/lib/armv7e-m/fpu\libc_nano.a(lib_a-memset.o)
                              c:/ac6/systemworkbench/plugins/fr.ac6.mcu.externaltools.arm-none.win32_1.3.0.201507241045/tools/compiler/bin/../lib/gcc/arm-none-eabi/4.9.3/../../../../arm-none-eabi/lib/armv7e-m/fpu/crt0.o (memset)
c:/ac6/systemworkbench/plugins/fr.ac6.mcu.externaltools.arm-none.win32_1.3.0.201507241045/tools/compiler/bin/../lib/gcc/arm-none-eabi/4.9.3/../../../../arm-none-eabi/lib/armv7e-m/fpu\libc_nano.a(lib_a-sprintf.o)
                              Application/User/main.o (sprintf)
c:/ac6/systemworkbench/plugins/fr.ac6.mcu.externaltools.arm-none.win32_1.3.0.201507241045/tools/compiler/bin/../lib/gcc/arm-none-eabi/4.9.3/../../../../arm-none-eabi/lib/armv7e-m/fpu\libc_nano.a(lib_a-nano-svfprintf.o)
                              c:/ac6/systemworkbench/plugins/fr.ac6.mcu.externaltools.arm-none.win32_1.3.0.201507241045/tools/compiler/bin/../lib/gcc/arm-none-eabi/4.9.3/../../../../arm-none-eabi/lib/armv7e-m/fpu\libc_nano.a(lib_a-sprintf.o) (_svfprintf_r)
c:/ac6/systemworkbench/plugins/fr.ac6.mcu.externaltools.arm-none.win32_1.3.0.201507241045/tools/compiler/bin/../lib/gcc/arm-none-eabi/4.9.3/../../../../arm-none-eabi/lib/armv7e-m/fpu\libc_nano.a(lib_a-nano-vfprintf_i.o)
                              c:/ac6/systemworkbench/plugins/fr.ac6.mcu.externaltools.arm-none.win32_1.3.0.201507241045/tools/compiler/bin/../lib/gcc/arm-none-eabi/4.9.3/../../../../arm-none-eabi/lib/armv7e-m/fpu\libc_nano.a(lib_a-nano-svfprintf.o) (_printf_i)
c:/ac6/systemworkbench/plugins/fr.ac6.mcu.externaltools.arm-none.win32_1.3.0.201507241045/tools/compiler/bin/../lib/gcc/arm-none-eabi/4.9.3/../../../../arm-none-eabi/lib/armv7e-m/fpu\libc_nano.a(lib_a-memchr.o)
                              c:/ac6/systemworkbench/plugins/fr.ac6.mcu.externaltools.arm-none.win32_1.3.0.201507241045/tools/compiler/bin/../lib/gcc/arm-none-eabi/4.9.3/../../../../arm-none-eabi/lib/armv7e-m/fpu\libc_nano.a(lib_a-nano-svfprintf.o) (memchr)
c:/ac6/systemworkbench/plugins/fr.ac6.mcu.externaltools.arm-none.win32_1.3.0.201507241045/tools/compiler/bin/../lib/gcc/arm-none-eabi/4.9.3/../../../../arm-none-eabi/lib/armv7e-m/fpu\libc_nano.a(lib_a-memcpy.o)
                              c:/ac6/systemworkbench/plugins/fr.ac6.mcu.externaltools.arm-none.win32_1.3.0.201507241045/tools/compiler/bin/../lib/gcc/arm-none-eabi/4.9.3/../../../../arm-none-eabi/lib/armv7e-m/fpu\libc_nano.a(lib_a-nano-svfprintf.o) (memcpy)
c:/ac6/systemworkbench/plugins/fr.ac6.mcu.externaltools.arm-none.win32_1.3.0.201507241045/tools/compiler/bin/../lib/gcc/arm-none-eabi/4.9.3/../../../../arm-none-eabi/lib/armv7e-m/fpu\libc_nano.a(lib_a-memmove.o)
                              c:/ac6/systemworkbench/plugins/fr.ac6.mcu.externaltools.arm-none.win32_1.3.0.201507241045/tools/compiler/bin/../lib/gcc/arm-none-eabi/4.9.3/../../../../arm-none-eabi/lib/armv7e-m/fpu\libc_nano.a(lib_a-nano-svfprintf.o) (memmove)
c:/ac6/systemworkbench/plugins/fr.ac6.mcu.externaltools.arm-none.win32_1.3.0.201507241045/tools/compiler/bin/../lib/gcc/arm-none-eabi/4.9.3/../../../../arm-none-eabi/lib/armv7e-m/fpu\libc_nano.a(lib_a-nano-freer.o)
[...]
Memory Configuration

Name             Origin             Length             Attributes
FLASH            0x08000000         0x00080000         xr
RAM              0x20000000         0x00010000         xrw
CCMRAM           0x10000000         0x00004000         rw
*default*        0x00000000         0xffffffff

Linker script and memory map

LOAD c:/ac6/systemworkbench/plugins/fr.ac6.mcu.externaltools.arm-none.win32_1.3.0.201507241045/tools/compiler/bin/../lib/gcc/arm-none-eabi/4.9.3/armv7e-m/fpu/crti.o
LOAD c:/ac6/systemworkbench/plugins/fr.ac6.mcu.externaltools.arm-none.win32_1.3.0.201507241045/tools/compiler/bin/../lib/gcc/arm-none-eabi/4.9.3/armv7e-m/fpu/crtbegin.o
LOAD c:/ac6/systemworkbench/plugins/fr.ac6.mcu.externaltools.arm-none.win32_1.3.0.201507241045/tools/compiler/bin/../lib/gcc/arm-none-eabi/4.9.3/../../../../arm-none-eabi/lib/armv7e-m/fpu/crt0.o
LOAD c:/ac6/systemworkbench/plugins/fr.ac6.mcu.externaltools.arm-none.win32_1.3.0.201507241045/tools/compiler/bin/../lib/gcc/arm-none-eabi/4.9.3/../../../../arm-none-eabi/lib/armv7e-m/fpu\libm.a
LOAD Middlewares/FatFs/syscall.o
LOAD Middlewares/FatFs/src/diskio.o
LOAD Middlewares/FatFs/src/ff.o
LOAD Middlewares/FatFs/src/ff_gen_drv.o
LOAD Middlewares/FatFs/src/drivers/sd_diskio.o
LOAD Drivers/STM32F3xx_HAL_Driver/stm32f3xx_hal.o
LOAD Drivers/STM32F3xx_HAL_Driver/stm32f3xx_hal_adc.o
LOAD Drivers/STM32F3xx_HAL_Driver/stm32f3xx_hal_adc_ex.o
LOAD Drivers/STM32F3xx_HAL_Driver/stm32f3xx_hal_cortex.o
LOAD Drivers/STM32F3xx_HAL_Driver/stm32f3xx_hal_dac.o
LOAD Drivers/STM32F3xx_HAL_Driver/stm32f3xx_hal_dac_ex.o
LOAD Drivers/STM32F3xx_HAL_Driver/stm32f3xx_hal_dma.o
LOAD Drivers/STM32F3xx_HAL_Driver/stm32f3xx_hal_flash.o
LOAD Drivers/STM32F3xx_HAL_Driver/stm32f3xx_hal_flash_ex.o
LOAD Drivers/STM32F3xx_HAL_Driver/stm32f3xx_hal_gpio.o
LOAD Drivers/STM32F3xx_HAL_Driver/stm32f3xx_hal_i2c.o
LOAD Drivers/STM32F3xx_HAL_Driver/stm32f3xx_hal_i2c_ex.o
LOAD Drivers/STM32F3xx_HAL_Driver/stm32f3xx_hal_pwr.o
LOAD Drivers/STM32F3xx_HAL_Driver/stm32f3xx_hal_pwr_ex.o
LOAD Drivers/STM32F3xx_HAL_Driver/stm32f3xx_hal_rcc.o
LOAD Drivers/STM32F3xx_HAL_Driver/stm32f3xx_hal_rcc_ex.o
LOAD Drivers/STM32F3xx_HAL_Driver/stm32f3xx_hal_spi.o
LOAD Drivers/STM32F3xx_HAL_Driver/stm32f3xx_hal_spi_ex.o
LOAD Drivers/STM32F3xx_HAL_Driver/stm32f3xx_hal_tim.o
LOAD Drivers/STM32F3xx_HAL_Driver/stm32f3xx_hal_tim_ex.o
LOAD Drivers/STM32F3xx_HAL_Driver/stm32f3xx_hal_uart.o
LOAD Drivers/STM32F3xx_HAL_Driver/stm32f3xx_hal_uart_ex.o
LOAD Drivers/CMSIS/system_stm32f3xx.o
LOAD Drivers/BSP/STM32303E_EVAL/stm32303e_eval.o
LOAD Drivers/BSP/STM32303E_EVAL/stm32303e_eval_sd.o
LOAD Application/User/main.o
LOAD Application/User/stm32f3xx_hal_msp.o
LOAD Application/User/stm32f3xx_it.o
LOAD Application/SW4STM32/startup_stm32f303xe.o
START GROUP
LOAD c:/ac6/systemworkbench/plugins/fr.ac6.mcu.externaltools.arm-none.win32_1.3.0.201507241045/tools/compiler/bin/../lib/gcc/arm-none-eabi/4.9.3/armv7e-m/fpu\libgcc.a
LOAD c:/ac6/systemworkbench/plugins/fr.ac6.mcu.externaltools.arm-none.win32_1.3.0.201507241045/tools/compiler/bin/../lib/gcc/arm-none-eabi/4.9.3/../../../../arm-none-eabi/lib/armv7e-m/fpu\libc_nano.a
END GROUP
START GROUP
LOAD c:/ac6/systemworkbench/plugins/fr.ac6.mcu.externaltools.arm-none.win32_1.3.0.201507241045/tools/compiler/bin/../lib/gcc/arm-none-eabi/4.9.3/armv7e-m/fpu\libgcc.a
LOAD c:/ac6/systemworkbench/plugins/fr.ac6.mcu.externaltools.arm-none.win32_1.3.0.201507241045/tools/compiler/bin/../lib/gcc/arm-none-eabi/4.9.3/../../../../arm-none-eabi/lib/armv7e-m/fpu\libc_nano.a
LOAD c:/ac6/systemworkbench/plugins/fr.ac6.mcu.externaltools.arm-none.win32_1.3.0.201507241045/tools/compiler/bin/../lib/gcc/arm-none-eabi/4.9.3/../../../../arm-none-eabi/lib/armv7e-m/fpu\libnosys.a
END GROUP
START GROUP
LOAD c:/ac6/systemworkbench/plugins/fr.ac6.mcu.externaltools.arm-none.win32_1.3.0.201507241045/tools/compiler/bin/../lib/gcc/arm-none-eabi/4.9.3/armv7e-m/fpu\libgcc.a
LOAD c:/ac6/systemworkbench/plugins/fr.ac6.mcu.externaltools.arm-none.win32_1.3.0.201507241045/tools/compiler/bin/../lib/gcc/arm-none-eabi/4.9.3/../../../../arm-none-eabi/lib/armv7e-m/fpu\libc_nano.a
LOAD c:/ac6/systemworkbench/plugins/fr.ac6.mcu.externaltools.arm-none.win32_1.3.0.201507241045/tools/compiler/bin/../lib/gcc/arm-none-eabi/4.9.3/../../../../arm-none-eabi/lib/armv7e-m/fpu\libnosys.a
END GROUP
LOAD c:/ac6/systemworkbench/plugins/fr.ac6.mcu.externaltools.arm-none.win32_1.3.0.201507241045/tools/compiler/bin/../lib/gcc/arm-none-eabi/4.9.3/armv7e-m/fpu/crtend.o
LOAD c:/ac6/systemworkbench/plugins/fr.ac6.mcu.externaltools.arm-none.win32_1.3.0.201507241045/tools/compiler/bin/../lib/gcc/arm-none-eabi/4.9.3/armv7e-m/fpu/crtn.o
                0x20010000                _estack = 0x20010000
                0x00000200                _Min_Heap_Size = 0x200
                0x00000400                _Min_Stack_Size = 0x400

.isr_vector     0x08000000      0x194
                0x08000000                . = ALIGN (0x4)
 *(.isr_vector)
 .isr_vector    0x08000000      0x194 Application/SW4STM32/startup_stm32f303xe.o
                0x08000000                g_pfnVectors
                0x08000194                . = ALIGN (0x4)

.text           0x08000194     0x59dc
                0x08000194                . = ALIGN (0x4)
 *(.text)
 .text          0x08000194       0x5c c:/ac6/systemworkbench/plugins/fr.ac6.mcu.externaltools.arm-none.win32_1.3.0.201507241045/tools/compiler/bin/../lib/gcc/arm-none-eabi/4.9.3/armv7e-m/fpu/crtbegin.o
 *(.text*)
 .text.disk_status
                0x080001f0       0x14 Middlewares/FatFs/src/diskio.o
                0x080001f0                disk_status
 .text.disk_initialize
                0x08000204       0x20 Middlewares/FatFs/src/diskio.o
                0x08000204                disk_initialize
 .text.disk_read
                0x08000224       0x1c Middlewares/FatFs/src/diskio.o
                0x08000224                disk_read
 .text.disk_write
                0x08000240       0x1c Middlewares/FatFs/src/diskio.o
                0x08000240                disk_write
 .text.disk_ioctl
                0x0800025c       0x1c Middlewares/FatFs/src/diskio.o
                0x0800025c                disk_ioctl
 .text.mem_cpy  0x08000278       0x14 Middlewares/FatFs/src/ff.o
 .text.mem_set  0x0800028c        0xe Middlewares/FatFs/src/ff.o
 *fill*         0x0800029a        0x2 
 .text.chk_lock
                0x0800029c       0x70 Middlewares/FatFs/src/ff.o
 .text.inc_lock
                0x0800030c       0x88 Middlewares/FatFs/src/ff.o
 .text.dec_lock
                0x08000394       0x38 Middlewares/FatFs/src/ff.o
 .text.clmt_clust
                0x080003cc       0x28 Middlewares/FatFs/src/ff.o
 .text.get_ldnumber
                0x080003f4       0x32 Middlewares/FatFs/src/ff.o
 .text.validate
                0x08000426       0x34 Middlewares/FatFs/src/ff.o
 .text.ld_clust.isra.0
                0x0800045a       0x1c Middlewares/FatFs/src/ff.o
 .text.sync_window.part.2
                0x08000476       0x52 Middlewares/FatFs/src/ff.o
 .text.sync_window
                0x080004c8        0xe Middlewares/FatFs/src/ff.o
 .text.sync_fs  0x080004d6       0xbc Middlewares/FatFs/src/ff.o
 .text.move_window
                0x08000592       0x3a Middlewares/FatFs/src/ff.o
 .text.check_fs
                0x080005cc       0x88 Middlewares/FatFs/src/ff.o
 .text.find_volume
                0x08000654      0x33c Middlewares/FatFs/src/ff.o
 .text.clust2sect
                0x08000990       0x1c Middlewares/FatFs/src/ff.o
                0x08000990                clust2sect
 .text.get_fat  0x080009ac       0xc2 Middlewares/FatFs/src/ff.o
                0x080009ac                get_fat
 .text.dir_sdi  0x08000a6e       0xa2 Middlewares/FatFs/src/ff.o
 .text.put_fat  0x08000b10       0xf0 Middlewares/FatFs/src/ff.o
                0x08000b10                put_fat
 .text.create_chain
                0x08000c00       0xb4 Middlewares/FatFs/src/ff.o
 .text.dir_next
                0x08000cb4      0x120 Middlewares/FatFs/src/ff.o
 .text.follow_path
                0x08000dd4      0x1bc Middlewares/FatFs/src/ff.o
 .text.dir_register
                0x08000f90       0x74 Middlewares/FatFs/src/ff.o
 .text.remove_chain
                0x08001004       0x66 Middlewares/FatFs/src/ff.o
 *fill*         0x0800106a        0x2 
 .text.f_mount  0x0800106c       0x6c Middlewares/FatFs/src/ff.o
                0x0800106c                f_mount
 .text.f_open   0x080010d8      0x19c Middlewares/FatFs/src/ff.o
                0x080010d8                f_open
 .text.f_read   0x08001274      0x18a Middlewares/FatFs/src/ff.o
                0x08001274                f_read
 .text.f_write  0x080013fe      0x1d2 Middlewares/FatFs/src/ff.o
                0x080013fe                f_write
 .text.f_sync   0x080015d0       0xc2 Middlewares/FatFs/src/ff.o
                0x080015d0                f_sync
 .text.f_close  0x08001692       0x22 Middlewares/FatFs/src/ff.o
                0x08001692                f_close
 .text.f_mkfs   0x080016b4      0x574 Middlewares/FatFs/src/ff.o
                0x080016b4                f_mkfs
 .text.FATFS_LinkDriverEx
                0x08001c28       0x44 Middlewares/FatFs/src/ff_gen_drv.o
                0x08001c28                FATFS_LinkDriverEx
 .text.FATFS_LinkDriver
                0x08001c6c        0x6 Middlewares/FatFs/src/ff_gen_drv.o
                0x08001c6c                FATFS_LinkDriver
 *fill*         0x08001c72        0x2 
 .text.FATFS_UnLinkDriverEx
                0x08001c74       0x30 Middlewares/FatFs/src/ff_gen_drv.o
                0x08001c74                FATFS_UnLinkDriverEx
 .text.FATFS_UnLinkDriver
                0x08001ca4        0x6 Middlewares/FatFs/src/ff_gen_drv.o
                0x08001ca4                FATFS_UnLinkDriver
 *fill*         0x08001caa        0x2 
 .text.SD_initialize
                0x08001cac       0x20 Middlewares/FatFs/src/drivers/sd_diskio.o
                0x08001cac                SD_initialize
 .text.SD_status
                0x08001ccc       0x20 Middlewares/FatFs/src/drivers/sd_diskio.o
                0x08001ccc                SD_status
 .text.SD_read  0x08001cec       0x20 Middlewares/FatFs/src/drivers/sd_diskio.o
                0x08001cec                SD_read
 .text.SD_write
                0x08001d0c       0x20 Middlewares/FatFs/src/drivers/sd_diskio.o
                0x08001d0c                SD_write
 .text.SD_ioctl
                0x08001d2c       0x4c Middlewares/FatFs/src/drivers/sd_diskio.o
                0x08001d2c                SD_ioctl
 .text.HAL_InitTick
                0x08001d78       0x24 Drivers/STM32F3xx_HAL_Driver/stm32f3xx_hal.o
                0x08001d78                HAL_InitTick
 .text.HAL_Init
                0x08001d9c       0x24 Drivers/STM32F3xx_HAL_Driver/stm32f3xx_hal.o
                0x08001d9c                HAL_Init
 .text.HAL_IncTick
                0x08001dc0       0x10 Drivers/STM32F3xx_HAL_Driver/stm32f3xx_hal.o
                0x08001dc0                HAL_IncTick
 .text.HAL_GetTick
                0x08001dd0        0xc Drivers/STM32F3xx_HAL_Driver/stm32f3xx_hal.o
                0x08001dd0                HAL_GetTick
 .text.HAL_Delay
                0x08001ddc       0x1a Drivers/STM32F3xx_HAL_Driver/stm32f3xx_hal.o
                0x08001ddc                HAL_Delay
 .text.HAL_ADC_ConvHalfCpltCallback
                0x08001df6        0x2 Drivers/STM32F3xx_HAL_Driver/stm32f3xx_hal_adc.o
                0x08001df6                HAL_ADC_ConvHalfCpltCallback
 .text.HAL_ADC_ErrorCallback
                0x08001df8        0x2 Drivers/STM32F3xx_HAL_Driver/stm32f3xx_hal_adc.o
                0x08001df8                HAL_ADC_ErrorCallback
 .text.ADC_Disable
                0x08001dfa       0x70 Drivers/STM32F3xx_HAL_Driver/stm32f3xx_hal_adc_ex.o
 *fill*         0x08001e6a        0x2 
 .text.ADC_Enable
                0x08001e6c       0x5c Drivers/STM32F3xx_HAL_Driver/stm32f3xx_hal_adc_ex.o
 .text.ADC_DMAError
                0x08001ec8       0x16 Drivers/STM32F3xx_HAL_Driver/stm32f3xx_hal_adc_ex.o
 .text.ADC_DMAHalfConvCplt
                0x08001ede        0x6 Drivers/STM32F3xx_HAL_Driver/stm32f3xx_hal_adc_ex.o
 .text.ADC_DMAConvCplt
                0x08001ee4       0x42 Drivers/STM32F3xx_HAL_Driver/stm32f3xx_hal_adc_ex.o
 *fill*         0x08001f26        0x2 
 .text.HAL_ADC_Init
                0x08001f28      0x268 Drivers/STM32F3xx_HAL_Driver/stm32f3xx_hal_adc_ex.o
                0x08001f28                HAL_ADC_Init
 .text.HAL_ADC_Start
                0x08002190      0x16c Drivers/STM32F3xx_HAL_Driver/stm32f3xx_hal_adc_ex.o
                0x08002190                HAL_ADC_Start
 .text.HAL_ADC_GetValue
                0x080022fc        0x6 Drivers/STM32F3xx_HAL_Driver/stm32f3xx_hal_adc_ex.o
                0x080022fc                HAL_ADC_GetValue
 .text.HAL_ADCEx_Calibration_Start
                0x08002302       0x88 Drivers/STM32F3xx_HAL_Driver/stm32f3xx_hal_adc_ex.o
                0x08002302                HAL_ADCEx_Calibration_Start
 *fill*         0x0800238a        0x2 
 .text.HAL_ADCEx_MultiModeStart_DMA
                0x0800238c      0x100 Drivers/STM32F3xx_HAL_Driver/stm32f3xx_hal_adc_ex.o
                0x0800238c                HAL_ADCEx_MultiModeStart_DMA
 .text.HAL_ADC_ConfigChannel
                0x0800248c      0x318 Drivers/STM32F3xx_HAL_Driver/stm32f3xx_hal_adc_ex.o
                0x0800248c                HAL_ADC_ConfigChannel
 .text.HAL_ADCEx_MultiModeConfigChannel
                0x080027a4       0xe0 Drivers/STM32F3xx_HAL_Driver/stm32f3xx_hal_adc_ex.o
                0x080027a4                HAL_ADCEx_MultiModeConfigChannel
 .text.HAL_NVIC_SetPriorityGrouping
                0x08002884       0x24 Drivers/STM32F3xx_HAL_Driver/stm32f3xx_hal_cortex.o
                0x08002884                HAL_NVIC_SetPriorityGrouping
 .text.HAL_NVIC_SetPriority
                0x080028a8       0x60 Drivers/STM32F3xx_HAL_Driver/stm32f3xx_hal_cortex.o
                0x080028a8                HAL_NVIC_SetPriority
 .text.HAL_NVIC_EnableIRQ
                0x08002908       0x18 Drivers/STM32F3xx_HAL_Driver/stm32f3xx_hal_cortex.o
                0x08002908                HAL_NVIC_EnableIRQ
 .text.HAL_NVIC_DisableIRQ
                0x08002920       0x18 Drivers/STM32F3xx_HAL_Driver/stm32f3xx_hal_cortex.o
                0x08002920                HAL_NVIC_DisableIRQ
 .text.HAL_SYSTICK_Config
                0x08002938       0x2c Drivers/STM32F3xx_HAL_Driver/stm32f3xx_hal_cortex.o
                0x08002938                HAL_SYSTICK_Config
 .text.HAL_DAC_Init
                0x08002964       0x26 Drivers/STM32F3xx_HAL_Driver/stm32f3xx_hal_dac.o
                0x08002964                HAL_DAC_Init
 .text.HAL_DAC_DeInit
                0x0800298a       0x1c Drivers/STM32F3xx_HAL_Driver/stm32f3xx_hal_dac.o
                0x0800298a                HAL_DAC_DeInit
 .text.HAL_DAC_SetValue
                0x080029a6       0x24 Drivers/STM32F3xx_HAL_Driver/stm32f3xx_hal_dac_ex.o
                0x080029a6                HAL_DAC_SetValue
 .text.HAL_DAC_Start
                0x080029ca       0x4e Drivers/STM32F3xx_HAL_Driver/stm32f3xx_hal_dac_ex.o
                0x080029ca                HAL_DAC_Start
 .text.HAL_DAC_ConfigChannel
                0x08002a18       0x3e Drivers/STM32F3xx_HAL_Driver/stm32f3xx_hal_dac_ex.o
                0x08002a18                HAL_DAC_ConfigChannel
 .text.HAL_DACEx_TriangleWaveGenerate
                0x08002a56       0x32 Drivers/STM32F3xx_HAL_Driver/stm32f3xx_hal_dac_ex.o
                0x08002a56                HAL_DACEx_TriangleWaveGenerate
 .text.HAL_DMA_Init
                0x08002a88       0x4a Drivers/STM32F3xx_HAL_Driver/stm32f3xx_hal_dma.o
                0x08002a88                HAL_DMA_Init
 *fill*         0x08002ad2        0x2 
 .text.HAL_DMA_DeInit
                0x08002ad4      0x1e8 Drivers/STM32F3xx_HAL_Driver/stm32f3xx_hal_dma.o
                0x08002ad4                HAL_DMA_DeInit
 .text.HAL_DMA_Start_IT
                0x08002cbc       0x5a Drivers/STM32F3xx_HAL_Driver/stm32f3xx_hal_dma.o
                0x08002cbc                HAL_DMA_Start_IT
 *fill*         0x08002d16        0x2 
 .text.HAL_DMA_IRQHandler
                0x08002d18      0x410 Drivers/STM32F3xx_HAL_Driver/stm32f3xx_hal_dma.o
                0x08002d18                HAL_DMA_IRQHandler
 .text.HAL_GPIO_Init
                0x08003128      0x1a8 Drivers/STM32F3xx_HAL_Driver/stm32f3xx_hal_gpio.o
                0x08003128                HAL_GPIO_Init
 .text.HAL_GPIO_DeInit
                0x080032d0      0x110 Drivers/STM32F3xx_HAL_Driver/stm32f3xx_hal_gpio.o
                0x080032d0                HAL_GPIO_DeInit
 .text.HAL_GPIO_ReadPin
                0x080033e0        0xc Drivers/STM32F3xx_HAL_Driver/stm32f3xx_hal_gpio.o
                0x080033e0                HAL_GPIO_ReadPin
 .text.HAL_GPIO_WritePin
                0x080033ec        0xa Drivers/STM32F3xx_HAL_Driver/stm32f3xx_hal_gpio.o
                0x080033ec                HAL_GPIO_WritePin
 .text.HAL_GPIO_TogglePin
                0x080033f6        0x8 Drivers/STM32F3xx_HAL_Driver/stm32f3xx_hal_gpio.o
                0x080033f6                HAL_GPIO_TogglePin
 *fill*         0x080033fe        0x2 
 .text.HAL_GPIO_EXTI_IRQHandler
                0x08003400       0x18 Drivers/STM32F3xx_HAL_Driver/stm32f3xx_hal_gpio.o
                0x08003400                HAL_GPIO_EXTI_IRQHandler
 .text.HAL_RCC_OscConfig
                0x08003418      0x584 Drivers/STM32F3xx_HAL_Driver/stm32f3xx_hal_rcc.o
                0x08003418                HAL_RCC_OscConfig
 .text.HAL_RCC_ClockConfig
                0x0800399c      0x1ec Drivers/STM32F3xx_HAL_Driver/stm32f3xx_hal_rcc.o
                0x0800399c                HAL_RCC_ClockConfig
 .text.HAL_RCC_GetSysClockFreq
                0x08003b88       0x54 Drivers/STM32F3xx_HAL_Driver/stm32f3xx_hal_rcc.o
                0x08003b88                HAL_RCC_GetSysClockFreq
 .text.HAL_RCC_GetHCLKFreq
                0x08003bdc       0x38 Drivers/STM32F3xx_HAL_Driver/stm32f3xx_hal_rcc.o
                0x08003bdc                HAL_RCC_GetHCLKFreq
 .text.SPI_WaitFifoStateUntilTimeout
                0x08003c14       0xa0 Drivers/STM32F3xx_HAL_Driver/stm32f3xx_hal_spi.o
 .text.SPI_WaitFlagStateUntilTimeout
                0x08003cb4       0x8c Drivers/STM32F3xx_HAL_Driver/stm32f3xx_hal_spi.o
 .text.SPI_EndRxTxTransaction
                0x08003d40       0x2e Drivers/STM32F3xx_HAL_Driver/stm32f3xx_hal_spi.o
 .text.HAL_SPI_Init
                0x08003d6e       0xb2 Drivers/STM32F3xx_HAL_Driver/stm32f3xx_hal_spi.o
                0x08003d6e                HAL_SPI_Init
 .text.HAL_SPI_DeInit
                0x08003e20       0x2c Drivers/STM32F3xx_HAL_Driver/stm32f3xx_hal_spi.o
                0x08003e20                HAL_SPI_DeInit
 .text.HAL_SPI_Transmit
                0x08003e4c      0x170 Drivers/STM32F3xx_HAL_Driver/stm32f3xx_hal_spi.o
                0x08003e4c                HAL_SPI_Transmit
 .text.HAL_SPI_TransmitReceive
                0x08003fbc      0x286 Drivers/STM32F3xx_HAL_Driver/stm32f3xx_hal_spi.o
                0x08003fbc                HAL_SPI_TransmitReceive
 .text.HAL_SPI_GetState
                0x08004242        0x6 Drivers/STM32F3xx_HAL_Driver/stm32f3xx_hal_spi.o
                0x08004242                HAL_SPI_GetState
 .text.HAL_TIM_Base_Start
                0x08004248       0x1a Drivers/STM32F3xx_HAL_Driver/stm32f3xx_hal_tim.o
                0x08004248                HAL_TIM_Base_Start
 *fill*         0x08004262        0x2 
 .text.TIM_Base_SetConfig
                0x08004264       0xcc Drivers/STM32F3xx_HAL_Driver/stm32f3xx_hal_tim.o
                0x08004264                TIM_Base_SetConfig
 .text.HAL_TIM_Base_Init
                0x08004330       0x34 Drivers/STM32F3xx_HAL_Driver/stm32f3xx_hal_tim.o
                0x08004330                HAL_TIM_Base_Init
 .text.HAL_TIMEx_MasterConfigSynchronization
                0x08004364       0x54 Drivers/STM32F3xx_HAL_Driver/stm32f3xx_hal_tim_ex.o
                0x08004364                HAL_TIMEx_MasterConfigSynchronization
 .text.SystemInit
                0x080043b8       0x68 Drivers/CMSIS/system_stm32f3xx.o
                0x080043b8                SystemInit
 .text.SPIx_Init
                0x08004420       0xd0 Drivers/BSP/STM32303E_EVAL/stm32303e_eval.o
 .text.SPIx_Read
                0x080044f0       0x3c Drivers/BSP/STM32303E_EVAL/stm32303e_eval.o
 .text.SPIx_Write
                0x0800452c       0x30 Drivers/BSP/STM32303E_EVAL/stm32303e_eval.o
 .text.BSP_LED_Init
                0x0800455c       0xa4 Drivers/BSP/STM32303E_EVAL/stm32303e_eval.o
                0x0800455c                BSP_LED_Init
 .text.BSP_LED_On
                0x08004600       0x20 Drivers/BSP/STM32303E_EVAL/stm32303e_eval.o
                0x08004600                BSP_LED_On
 .text.BSP_LED_Toggle
                0x08004620       0x1c Drivers/BSP/STM32303E_EVAL/stm32303e_eval.o
                0x08004620                BSP_LED_Toggle
 .text.SD_IO_Init
                0x0800463c       0x98 Drivers/BSP/STM32303E_EVAL/stm32303e_eval.o
                0x0800463c                SD_IO_Init
 .text.SD_IO_WriteByte
                0x080046d4        0x4 Drivers/BSP/STM32303E_EVAL/stm32303e_eval.o
                0x080046d4                SD_IO_WriteByte
 .text.SD_IO_ReadByte
                0x080046d8       0x28 Drivers/BSP/STM32303E_EVAL/stm32303e_eval.o
                0x080046d8                SD_IO_ReadByte
 .text.SD_IO_WaitResponse
                0x08004700       0x24 Drivers/BSP/STM32303E_EVAL/stm32303e_eval.o
                0x08004700                SD_IO_WaitResponse
 .text.SD_IO_WriteCmd
                0x08004724       0x5c Drivers/BSP/STM32303E_EVAL/stm32303e_eval.o
                0x08004724                SD_IO_WriteCmd
 .text.SD_IO_WriteDummy
                0x08004780       0x1c Drivers/BSP/STM32303E_EVAL/stm32303e_eval.o
                0x08004780                SD_IO_WriteDummy
 .text.SD_SendCmd
                0x0800479c       0x14 Drivers/BSP/STM32303E_EVAL/stm32303e_eval_sd.o
 .text.BSP_SD_IsDetected
                0x080047b0       0x28 Drivers/BSP/STM32303E_EVAL/stm32303e_eval_sd.o
                0x080047b0                BSP_SD_IsDetected
 .text.BSP_SD_Init
                0x080047d8       0x40 Drivers/BSP/STM32303E_EVAL/stm32303e_eval_sd.o
                0x080047d8                BSP_SD_Init
 .text.BSP_SD_GetCardInfo
                0x08004818      0x2aa Drivers/BSP/STM32303E_EVAL/stm32303e_eval_sd.o
                0x08004818                BSP_SD_GetCardInfo
 .text.BSP_SD_ReadBlocks
                0x08004ac2       0x7e Drivers/BSP/STM32303E_EVAL/stm32303e_eval_sd.o
                0x08004ac2                BSP_SD_ReadBlocks
 .text.BSP_SD_WriteBlocks
                0x08004b40       0x9a Drivers/BSP/STM32303E_EVAL/stm32303e_eval_sd.o
                0x08004b40                BSP_SD_WriteBlocks
 .text.BSP_SD_GetStatus
                0x08004bda        0x4 Drivers/BSP/STM32303E_EVAL/stm32303e_eval_sd.o
                0x08004bda                BSP_SD_GetStatus
 .text.Error_Handler
                0x08004bde       0x10 Application/User/main.o
 .text.SystemClock_Config
                0x08004bee       0x4a Application/User/main.o
                0x08004bee                SystemClock_Config
 .text.startup.main
                0x08004c38      0x2b8 Application/User/main.o
                0x08004c38                main
 .text.HAL_GPIO_EXTI_Callback
                0x08004ef0        0xa Application/User/main.o
                0x08004ef0                HAL_GPIO_EXTI_Callback
 *fill*         0x08004efa        0x2 
 .text.HAL_ADC_ConvCpltCallback
                0x08004efc       0xc4 Application/User/main.o
                0x08004efc                HAL_ADC_ConvCpltCallback
 .text.HAL_MspInit
                0x08004fc0       0x4c Application/User/stm32f3xx_hal_msp.o
                0x08004fc0                HAL_MspInit
 .text.HAL_ADC_MspInit
                0x0800500c       0xac Application/User/stm32f3xx_hal_msp.o
                0x0800500c                HAL_ADC_MspInit
 .text.HAL_TIM_Base_MspInit
                0x080050b8       0x20 Application/User/stm32f3xx_hal_msp.o
                0x080050b8                HAL_TIM_Base_MspInit
 .text.HAL_SPI_MspInit
                0x080050d8       0x48 Application/User/stm32f3xx_hal_msp.o
                0x080050d8                HAL_SPI_MspInit
 .text.HAL_SPI_MspDeInit
                0x08005120       0x28 Application/User/stm32f3xx_hal_msp.o
                0x08005120                HAL_SPI_MspDeInit
 .text.HAL_DAC_MspInit
                0x08005148       0xc0 Application/User/stm32f3xx_hal_msp.o
                0x08005148                HAL_DAC_MspInit
 .text.HAL_DAC_MspDeInit
                0x08005208       0x34 Application/User/stm32f3xx_hal_msp.o
                0x08005208                HAL_DAC_MspDeInit
 .text.NMI_Handler
                0x0800523c        0x2 Application/User/stm32f3xx_it.o
                0x0800523c                NMI_Handler
 .text.HardFault_Handler
                0x0800523e        0x2 Application/User/stm32f3xx_it.o
                0x0800523e                HardFault_Handler
 .text.MemManage_Handler
                0x08005240        0x2 Application/User/stm32f3xx_it.o
                0x08005240                MemManage_Handler
 .text.BusFault_Handler
                0x08005242        0x2 Application/User/stm32f3xx_it.o
                0x08005242                BusFault_Handler
 .text.UsageFault_Handler
                0x08005244        0x2 Application/User/stm32f3xx_it.o
                0x08005244                UsageFault_Handler
 .text.SVC_Handler
                0x08005246        0x2 Application/User/stm32f3xx_it.o
                0x08005246                SVC_Handler
 .text.DebugMon_Handler
                0x08005248        0x2 Application/User/stm32f3xx_it.o
                0x08005248                DebugMon_Handler
 .text.PendSV_Handler
                0x0800524a        0x2 Application/User/stm32f3xx_it.o
                0x0800524a                PendSV_Handler
 .text.SysTick_Handler
                0x0800524c        0x4 Application/User/stm32f3xx_it.o
                0x0800524c                SysTick_Handler
 .text.EXTI9_5_IRQHandler
                0x08005250        0x6 Application/User/stm32f3xx_it.o
                0x08005250                EXTI9_5_IRQHandler
 *fill*         0x08005256        0x2 
 .text.DMA1_Channel1_IRQHandler
                0x08005258        0xc Application/User/stm32f3xx_it.o
                0x08005258                DMA1_Channel1_IRQHandler
 .text.DMA1_Channel3_IRQHandler
                0x08005264        0xc Application/User/stm32f3xx_it.o
                0x08005264                DMA1_Channel3_IRQHandler
 .text.Reset_Handler
                0x08005270       0x50 Application/SW4STM32/startup_stm32f303xe.o
                0x08005270                Reset_Handler
 .text.Default_Handler
                0x080052c0        0x2 Application/SW4STM32/startup_stm32f303xe.o
                0x080052c0                RTC_Alarm_IRQHandler
                0x080052c0                TIM8_TRG_COM_IRQHandler
                0x080052c0                TIM8_CC_IRQHandler
                0x080052c0                SPI4_IRQHandler
                0x080052c0                TIM1_CC_IRQHandler
                0x080052c0                USB_HP_IRQHandler
                0x080052c0                PVD_IRQHandler
                0x080052c0                TAMP_STAMP_IRQHandler
                0x080052c0                EXTI3_IRQHandler
                0x080052c0                I2C3_ER_IRQHandler
                0x080052c0                USB_HP_CAN_TX_IRQHandler
                0x080052c0                EXTI0_IRQHandler
                0x080052c0                I2C2_EV_IRQHandler
                0x080052c0                FPU_IRQHandler
                0x080052c0                TIM1_UP_TIM16_IRQHandler
                0x080052c0                ADC1_2_IRQHandler
                0x080052c0                SPI1_IRQHandler
                0x080052c0                CAN_SCE_IRQHandler
                0x080052c0                TIM6_DAC_IRQHandler
                0x080052c0                TIM8_UP_IRQHandler
                0x080052c0                DMA2_Channel2_IRQHandler
                0x080052c0                DMA1_Channel4_IRQHandler
                0x080052c0                TIM20_TRG_COM_IRQHandler
                0x080052c0                USART3_IRQHandler
                0x080052c0                DMA1_Channel7_IRQHandler
                0x080052c0                UART5_IRQHandler
                0x080052c0                ADC3_IRQHandler
                0x080052c0                TIM4_IRQHandler
                0x080052c0                CAN_RX1_IRQHandler
                0x080052c0                DMA2_Channel1_IRQHandler
                0x080052c0                I2C1_EV_IRQHandler
                0x080052c0                DMA1_Channel6_IRQHandler
                0x080052c0                UART4_IRQHandler
                0x080052c0                DMA2_Channel4_IRQHandler
                0x080052c0                TIM3_IRQHandler
                0x080052c0                RCC_IRQHandler
                0x080052c0                TIM20_UP_IRQHandler
                0x080052c0                Default_Handler
                0x080052c0                USBWakeUp_RMP_IRQHandler
                0x080052c0                EXTI15_10_IRQHandler
                0x080052c0                TIM7_IRQHandler
                0x080052c0                I2C3_EV_IRQHandler
                0x080052c0                RTC_WKUP_IRQHandler
                0x080052c0                SPI2_IRQHandler
                0x080052c0                USB_LP_CAN_RX0_IRQHandler
                0x080052c0                DMA2_Channel5_IRQHandler
                0x080052c0                DMA1_Channel5_IRQHandler
                0x080052c0                USB_LP_IRQHandler
                0x080052c0                EXTI4_IRQHandler
                0x080052c0                TIM1_TRG_COM_TIM17_IRQHandler
                0x080052c0                ADC4_IRQHandler
                0x080052c0                WWDG_IRQHandler
                0x080052c0                TIM2_IRQHandler
                0x080052c0                COMP7_IRQHandler
                0x080052c0                COMP1_2_3_IRQHandler
                0x080052c0                EXTI1_IRQHandler
                0x080052c0                USART2_IRQHandler
                0x080052c0                COMP4_5_6_IRQHandler
                0x080052c0                TIM20_BRK_IRQHandler
                0x080052c0                I2C2_ER_IRQHandler
                0x080052c0                DMA1_Channel2_IRQHandler
                0x080052c0                TIM8_BRK_IRQHandler
                0x080052c0                FLASH_IRQHandler
                0x080052c0                TIM20_CC_IRQHandler
                0x080052c0                USART1_IRQHandler
                0x080052c0                SPI3_IRQHandler
                0x080052c0                I2C1_ER_IRQHandler
                0x080052c0                FMC_IRQHandler
                0x080052c0                USBWakeUp_IRQHandler
                0x080052c0                DMA2_Channel3_IRQHandler
                0x080052c0                EXTI2_TSC_IRQHandler
                0x080052c0                TIM1_BRK_TIM15_IRQHandler
 *fill*         0x080052c2        0x2 
 .text.__libc_init_array
                0x080052c4       0x4c c:/ac6/systemworkbench/plugins/fr.ac6.mcu.externaltools.arm-none.win32_1.3.0.201507241045/tools/compiler/bin/../lib/gcc/arm-none-eabi/4.9.3/../../../../arm-none-eabi/lib/armv7e-m/fpu\libc_nano.a(lib_a-init.o)
                0x080052c4                __libc_init_array
 .text.sprintf  0x08005310       0x48 c:/ac6/systemworkbench/plugins/fr.ac6.mcu.externaltools.arm-none.win32_1.3.0.201507241045/tools/compiler/bin/../lib/gcc/arm-none-eabi/4.9.3/../../../../arm-none-eabi/lib/armv7e-m/fpu\libc_nano.a(lib_a-sprintf.o)
                0x08005310                siprintf
                0x08005310                sprintf
 .text.__ssputs_r
                0x08005358       0xb2 c:/ac6/systemworkbench/plugins/fr.ac6.mcu.externaltools.arm-none.win32_1.3.0.201507241045/tools/compiler/bin/../lib/gcc/arm-none-eabi/4.9.3/../../../../arm-none-eabi/lib/armv7e-m/fpu\libc_nano.a(lib_a-nano-svfprintf.o)
                0x08005358                __ssputs_r
 *fill*         0x0800540a        0x2 
 .text._svfprintf_r
                0x0800540c      0x1e4 c:/ac6/systemworkbench/plugins/fr.ac6.mcu.externaltools.arm-none.win32_1.3.0.201507241045/tools/compiler/bin/../lib/gcc/arm-none-eabi/4.9.3/../../../../arm-none-eabi/lib/armv7e-m/fpu\libc_nano.a(lib_a-nano-svfprintf.o)
                0x0800540c                _svfiprintf_r
                0x0800540c                _svfprintf_r
 .text._printf_common
                0x080055f0       0xea c:/ac6/systemworkbench/plugins/fr.ac6.mcu.externaltools.arm-none.win32_1.3.0.201507241045/tools/compiler/bin/../lib/gcc/arm-none-eabi/4.9.3/../../../../arm-none-eabi/lib/armv7e-m/fpu\libc_nano.a(lib_a-nano-vfprintf_i.o)
                0x080055f0                _printf_common
 *fill*         0x080056da        0x2 
 .text._printf_i
                0x080056dc      0x240 c:/ac6/systemworkbench/plugins/fr.ac6.mcu.externaltools.arm-none.win32_1.3.0.201507241045/tools/compiler/bin/../lib/gcc/arm-none-eabi/4.9.3/../../../../arm-none-eabi/lib/armv7e-m/fpu\libc_nano.a(lib_a-nano-vfprintf_i.o)
                0x080056dc                _printf_i
 .text.memchr   0x0800591c       0x1e c:/ac6/systemworkbench/plugins/fr.ac6.mcu.externaltools.arm-none.win32_1.3.0.201507241045/tools/compiler/bin/../lib/gcc/arm-none-eabi/4.9.3/../../../../arm-none-eabi/lib/armv7e-m/fpu\libc_nano.a(lib_a-memchr.o)
                0x0800591c                memchr
 .text.memcpy   0x0800593a       0x16 c:/ac6/systemworkbench/plugins/fr.ac6.mcu.externaltools.arm-none.win32_1.3.0.201507241045/tools/compiler/bin/../lib/gcc/arm-none-eabi/4.9.3/../../../../arm-none-eabi/lib/armv7e-m/fpu\libc_nano.a(lib_a-memcpy.o)
                0x0800593a                memcpy
 .text.memmove  0x08005950       0x36 c:/ac6/systemworkbench/plugins/fr.ac6.mcu.externaltools.arm-none.win32_1.3.0.201507241045/tools/compiler/bin/../lib/gcc/arm-none-eabi/4.9.3/../../../../arm-none-eabi/lib/armv7e-m/fpu\libc_nano.a(lib_a-memmove.o)
                0x08005950                memmove
 *fill*         0x08005986        0x2 
 .text._free_r  0x08005988       0x88 c:/ac6/systemworkbench/plugins/fr.ac6.mcu.externaltools.arm-none.win32_1.3.0.201507241045/tools/compiler/bin/../lib/gcc/arm-none-eabi/4.9.3/../../../../arm-none-eabi/lib/armv7e-m/fpu\libc_nano.a(lib_a-nano-freer.o)
                0x08005988                _free_r
 .text._malloc_r
                0x08005a10       0xac c:/ac6/systemworkbench/plugins/fr.ac6.mcu.externaltools.arm-none.win32_1.3.0.201507241045/tools/compiler/bin/../lib/gcc/arm-none-eabi/4.9.3/../../../../arm-none-eabi/lib/armv7e-m/fpu\libc_nano.a(lib_a-nano-mallocr.o)
                0x08005a10                _malloc_r
 .text._realloc_r
                0x08005abc       0x4c c:/ac6/systemworkbench/plugins/fr.ac6.mcu.externaltools.arm-none.win32_1.3.0.201507241045/tools/compiler/bin/../lib/gcc/arm-none-eabi/4.9.3/../../../../arm-none-eabi/lib/armv7e-m/fpu\libc_nano.a(lib_a-nano-reallocr.o)
                0x08005abc                _realloc_r
 .text._sbrk_r  0x08005b08       0x20 c:/ac6/systemworkbench/plugins/fr.ac6.mcu.externaltools.arm-none.win32_1.3.0.201507241045/tools/compiler/bin/../lib/gcc/arm-none-eabi/4.9.3/../../../../arm-none-eabi/lib/armv7e-m/fpu\libc_nano.a(lib_a-sbrkr.o)
                0x08005b08                _sbrk_r
 .text._malloc_usable_size_r
                0x08005b28       0x14 c:/ac6/systemworkbench/plugins/fr.ac6.mcu.externaltools.arm-none.win32_1.3.0.201507241045/tools/compiler/bin/../lib/gcc/arm-none-eabi/4.9.3/../../../../arm-none-eabi/lib/armv7e-m/fpu\libc_nano.a(lib_a-nano-msizer.o)
                0x08005b28                _malloc_usable_size_r
 .text._sbrk    0x08005b3c       0x1c c:/ac6/systemworkbench/plugins/fr.ac6.mcu.externaltools.arm-none.win32_1.3.0.201507241045/tools/compiler/bin/../lib/gcc/arm-none-eabi/4.9.3/../../../../arm-none-eabi/lib/armv7e-m/fpu\libnosys.a(sbrk.o)
                0x08005b3c                _sbrk
 *(.glue_7)
 .glue_7        0x00000000        0x0 linker stubs
 *(.glue_7t)
 .glue_7t       0x00000000        0x0 linker stubs
 *(.eh_frame)
 .eh_frame      0x08005b58        0x0 c:/ac6/systemworkbench/plugins/fr.ac6.mcu.externaltools.arm-none.win32_1.3.0.201507241045/tools/compiler/bin/../lib/gcc/arm-none-eabi/4.9.3/armv7e-m/fpu/crtbegin.o
 *(.init)
 .init          0x08005b58        0x4 c:/ac6/systemworkbench/plugins/fr.ac6.mcu.externaltools.arm-none.win32_1.3.0.201507241045/tools/compiler/bin/../lib/gcc/arm-none-eabi/4.9.3/armv7e-m/fpu/crti.o
                0x08005b58                _init
 .init          0x08005b5c        0x8 c:/ac6/systemworkbench/plugins/fr.ac6.mcu.externaltools.arm-none.win32_1.3.0.201507241045/tools/compiler/bin/../lib/gcc/arm-none-eabi/4.9.3/armv7e-m/fpu/crtn.o
 *(.fini)
 .fini          0x08005b64        0x4 c:/ac6/systemworkbench/plugins/fr.ac6.mcu.externaltools.arm-none.win32_1.3.0.201507241045/tools/compiler/bin/../lib/gcc/arm-none-eabi/4.9.3/armv7e-m/fpu/crti.o
                0x08005b64                _fini
 .fini          0x08005b68        0x8 c:/ac6/systemworkbench/plugins/fr.ac6.mcu.externaltools.arm-none.win32_1.3.0.201507241045/tools/compiler/bin/../lib/gcc/arm-none-eabi/4.9.3/armv7e-m/fpu/crtn.o
                0x08005b70                . = ALIGN (0x4)
                0x08005b70                _etext = .

.vfp11_veneer   0x08005b70        0x0
 .vfp11_veneer  0x00000000        0x0 linker stubs

.v4_bx          0x08005b70        0x0
 .v4_bx         0x00000000        0x0 linker stubs

.iplt           0x08005b70        0x0
 .iplt          0x00000000        0x0 c:/ac6/systemworkbench/plugins/fr.ac6.mcu.externaltools.arm-none.win32_1.3.0.201507241045/tools/compiler/bin/../lib/gcc/arm-none-eabi/4.9.3/armv7e-m/fpu/crtbegin.o

.rodata         0x08005b70      0x1b4
                0x08005b70                . = ALIGN (0x4)
 *(.rodata)
 .rodata        0x08005b70       0xac Middlewares/FatFs/src/ff.o
 .rodata        0x08005c1c       0x14 Middlewares/FatFs/src/drivers/sd_diskio.o
                0x08005c1c                SD_Driver
 .rodata        0x08005c30       0x30 Drivers/STM32F3xx_HAL_Driver/stm32f3xx_hal_rcc.o
                0x08005c30                aPredivFactorTable
                0x08005c40                aPLLMULFactorTable
                0x08005c50                aAPBAHBPrescTable
 .rodata        0x08005c60       0x32 Drivers/BSP/STM32303E_EVAL/stm32303e_eval.o
                0x08005c60                LED_PIN
                0x08005c68                BUTTON_PIN
                0x08005c74                BUTTON_IRQn
                0x08005c7a                JOY_PIN
                0x08005c84                JOY_IRQn
                0x08005c8a                COM_RX_AF
                0x08005c8c                COM_TX_AF
                0x08005c8e                COM_RX_PIN
                0x08005c90                COM_TX_PIN
 *(.rodata*)
 .rodata.str1.1
                0x08005c92       0x43 Middlewares/FatFs/src/ff.o
 .rodata.str1.1
                0x08005cd5       0x1a Application/User/main.o
 .rodata.str1.1
                0x08005cef        0x2 c:/ac6/systemworkbench/plugins/fr.ac6.mcu.externaltools.arm-none.win32_1.3.0.201507241045/tools/compiler/bin/../lib/gcc/arm-none-eabi/4.9.3/../../../../arm-none-eabi/lib/armv7e-m/fpu\libc_nano.a(lib_a-impure.o)
 .rodata.str1.1
                0x08005cf1       0x11 c:/ac6/systemworkbench/plugins/fr.ac6.mcu.externaltools.arm-none.win32_1.3.0.201507241045/tools/compiler/bin/../lib/gcc/arm-none-eabi/4.9.3/../../../../arm-none-eabi/lib/armv7e-m/fpu\libc_nano.a(lib_a-nano-svfprintf.o)
 .rodata.str1.1
                0x08005d02       0x22 c:/ac6/systemworkbench/plugins/fr.ac6.mcu.externaltools.arm-none.win32_1.3.0.201507241045/tools/compiler/bin/../lib/gcc/arm-none-eabi/4.9.3/../../../../arm-none-eabi/lib/armv7e-m/fpu\libc_nano.a(lib_a-nano-vfprintf_i.o)
                0x08005d24                . = ALIGN (0x4)

.rel.dyn        0x08005d24        0x0
 .rel.iplt      0x00000000        0x0 c:/ac6/systemworkbench/plugins/fr.ac6.mcu.externaltools.arm-none.win32_1.3.0.201507241045/tools/compiler/bin/../lib/gcc/arm-none-eabi/4.9.3/armv7e-m/fpu/crtbegin.o

.ARM.extab
 *(.ARM.extab* .gnu.linkonce.armextab.*)

.ARM            0x08005d24        0x0
                0x08005d24                __exidx_start = .
 *(.ARM.exidx*)
                0x08005d24                __exidx_end = .

.preinit_array  0x08005d24        0x0
                0x08005d24                PROVIDE (__preinit_array_start, .)
 *(.preinit_array*)
                0x08005d24                PROVIDE (__preinit_array_end, .)

.init_array     0x08005d24        0x4
                0x08005d24                PROVIDE (__init_array_start, .)
 *(SORT(.init_array.*))
 *(.init_array*)
 .init_array    0x08005d24        0x4 c:/ac6/systemworkbench/plugins/fr.ac6.mcu.externaltools.arm-none.win32_1.3.0.201507241045/tools/compiler/bin/../lib/gcc/arm-none-eabi/4.9.3/armv7e-m/fpu/crtbegin.o
                0x08005d28                PROVIDE (__init_array_end, .)

.fini_array     0x08005d28        0x4
                0x08005d28                PROVIDE (__fini_array_start, .)
 *(SORT(.fini_array.*))
 *(.fini_array*)
 .fini_array    0x08005d28        0x4 c:/ac6/systemworkbench/plugins/fr.ac6.mcu.externaltools.arm-none.win32_1.3.0.201507241045/tools/compiler/bin/../lib/gcc/arm-none-eabi/4.9.3/armv7e-m/fpu/crtbegin.o
                0x08005d2c                PROVIDE (__fini_array_end, .)
                0x08005d2c                _sidata = LOADADDR (.data)

.data           0x20000000       0xec load address 0x08005d2c
                0x20000000                . = ALIGN (0x4)
                0x20000000                _sdata = .
 *(.data)
 .data          0x20000000        0x1 Middlewares/FatFs/src/drivers/sd_diskio.o
 *fill*         0x20000001        0x3 
 .data          0x20000004        0x4 Drivers/CMSIS/system_stm32f3xx.o
                0x20000004                SystemCoreClock
 .data          0x20000008       0x50 Drivers/BSP/STM32303E_EVAL/stm32303e_eval.o
                0x20000008                SpixTimeout
                0x2000000c                LED_PORT
                0x2000001c                BUTTON_PORT
                0x20000034                JOY_PORT
                0x20000048                COM_TX_PORT
                0x2000004c                COM_RX_PORT
                0x20000050                COM_USART
                0x20000054                I2cxTimeout
 .data          0x20000058        0x1 Drivers/BSP/STM32303E_EVAL/stm32303e_eval_sd.o
                0x20000058                SdStatus
 *fill*         0x20000059        0x3 
 .data          0x2000005c       0x2c Application/User/main.o
                0x2000005c                wtext
                0x20000080                SDWriteFinished
                0x20000084                ubKeyPressed
                0x20000085                ubSelectedWavesForm
 *(.data*)
 .data.impure_data
                0x20000088       0x60 c:/ac6/systemworkbench/plugins/fr.ac6.mcu.externaltools.arm-none.win32_1.3.0.201507241045/tools/compiler/bin/../lib/gcc/arm-none-eabi/4.9.3/../../../../arm-none-eabi/lib/armv7e-m/fpu\libc_nano.a(lib_a-impure.o)
 .data._impure_ptr
                0x200000e8        0x4 c:/ac6/systemworkbench/plugins/fr.ac6.mcu.externaltools.arm-none.win32_1.3.0.201507241045/tools/compiler/bin/../lib/gcc/arm-none-eabi/4.9.3/../../../../arm-none-eabi/lib/armv7e-m/fpu\libc_nano.a(lib_a-impure.o)
                0x200000e8                _impure_ptr
                0x200000ec                . = ALIGN (0x4)
                0x200000ec                _edata = .
                0x08005e18                _siccmram = LOADADDR (.ccmram)

.jcr            0x200000ec        0x0 load address 0x08005e18
 .jcr           0x200000ec        0x0 c:/ac6/systemworkbench/plugins/fr.ac6.mcu.externaltools.arm-none.win32_1.3.0.201507241045/tools/compiler/bin/../lib/gcc/arm-none-eabi/4.9.3/armv7e-m/fpu/crtbegin.o

.igot.plt       0x200000ec        0x0 load address 0x08005e18
 .igot.plt      0x00000000        0x0 c:/ac6/systemworkbench/plugins/fr.ac6.mcu.externaltools.arm-none.win32_1.3.0.201507241045/tools/compiler/bin/../lib/gcc/arm-none-eabi/4.9.3/armv7e-m/fpu/crtbegin.o

.ccmram         0x10000000        0x0 load address 0x08005e18
                0x10000000                . = ALIGN (0x4)
                0x10000000                _sccmram = .
 *(.ccmram)
 *(.ccmram*)
                0x10000000                . = ALIGN (0x4)
                0x10000000                _eccmram = .
                0x10000000                . = ALIGN (0x4)

.bss            0x200000ec      0x998
                0x200000ec                _sbss = .
                0x200000ec                __bss_start__ = _sbss
 *(.bss)
 .bss           0x200000ec       0x1c c:/ac6/systemworkbench/plugins/fr.ac6.mcu.externaltools.arm-none.win32_1.3.0.201507241045/tools/compiler/bin/../lib/gcc/arm-none-eabi/4.9.3/armv7e-m/fpu/crtbegin.o
 .bss           0x20000108       0x98 Middlewares/FatFs/src/ff.o
 .bss           0x200001a0        0xc Middlewares/FatFs/src/ff_gen_drv.o
                0x200001a0                disk
 .bss           0x200001ac        0x4 Drivers/STM32F3xx_HAL_Driver/stm32f3xx_hal.o
 .bss           0x200001b0       0x64 Drivers/BSP/STM32303E_EVAL/stm32303e_eval.o
 .bss           0x20000214       0x64 Application/User/main.o
                0x2000025c                aADCDualConversionDone
                0x2000025d                aADCDualConversionValue
                0x20000260                adcTick
                0x20000264                dataBuffer
 .bss           0x20000278       0x70 Application/User/stm32f3xx_hal_msp.o
 *(.bss*)
 .bss.__malloc_sbrk_start
                0x200002e8        0x4 c:/ac6/systemworkbench/plugins/fr.ac6.mcu.externaltools.arm-none.win32_1.3.0.201507241045/tools/compiler/bin/../lib/gcc/arm-none-eabi/4.9.3/../../../../arm-none-eabi/lib/armv7e-m/fpu\libc_nano.a(lib_a-nano-mallocr.o)
                0x200002e8                __malloc_sbrk_start
 .bss.__malloc_free_list
                0x200002ec        0x4 c:/ac6/systemworkbench/plugins/fr.ac6.mcu.externaltools.arm-none.win32_1.3.0.201507241045/tools/compiler/bin/../lib/gcc/arm-none-eabi/4.9.3/../../../../arm-none-eabi/lib/armv7e-m/fpu\libc_nano.a(lib_a-nano-mallocr.o)
                0x200002ec                __malloc_free_list
 .bss.heap_end.4079
                0x200002f0        0x4 c:/ac6/systemworkbench/plugins/fr.ac6.mcu.externaltools.arm-none.win32_1.3.0.201507241045/tools/compiler/bin/../lib/gcc/arm-none-eabi/4.9.3/../../../../arm-none-eabi/lib/armv7e-m/fpu\libnosys.a(sbrk.o)
 *(COMMON)
 COMMON         0x200002f4      0x789 Application/User/main.o
                0x200002f4                byteswritten
                0x200002f8                AdcHandle_slave
                0x2000034c                bytesread
                0x20000350                AdcHandle_master
                0x200003a4                SDPath
                0x200003a8                aADCDualConvertedValue
                0x200005a8                SDFatFs
                0x200007d8                DacHandle
                0x200007ec                rtext
                0x20000850                MyFile
                0x20000a7c                res
 *fill*         0x20000a7d        0x3 
 COMMON         0x20000a80        0x4 c:/ac6/systemworkbench/plugins/fr.ac6.mcu.externaltools.arm-none.win32_1.3.0.201507241045/tools/compiler/bin/../lib/gcc/arm-none-eabi/4.9.3/../../../../arm-none-eabi/lib/armv7e-m/fpu\libc_nano.a(lib_a-reent.o)
                0x20000a80                errno
                0x20000a84                . = ALIGN (0x4)
                0x20000a84                _ebss = .
                0x20000a84                __bss_end__ = _ebss

._user_heap_stack
                0x20000a84      0x604
                0x20000a88                . = ALIGN (0x8)
 *fill*         0x20000a84        0x4 
                0x20000a88                PROVIDE (end, .)
                0x20000a88                PROVIDE (_end, .)
                0x20000c88                . = (. + _Min_Heap_Size)
 *fill*         0x20000a88      0x200 
                0x20001088                . = (. + _Min_Stack_Size)
 *fill*         0x20000c88      0x400 
                0x20001088                . = ALIGN (0x8)

/DISCARD/
 libc.a(*)
 libm.a(*)
 libgcc.a(*)

.ARM.attributes
                0x00000000       0x30
 *(.ARM.attributes)
 .ARM.attributes
                0x00000000       0x22 c:/ac6/systemworkbench/plugins/fr.ac6.mcu.externaltools.arm-none.win32_1.3.0.201507241045/tools/compiler/bin/../lib/gcc/arm-none-eabi/4.9.3/armv7e-m/fpu/crti.o
 .ARM.attributes
                0x00000022       0x34 c:/ac6/systemworkbench/plugins/fr.ac6.mcu.externaltools.arm-none.win32_1.3.0.201507241045/tools/compiler/bin/../lib/gcc/arm-none-eabi/4.9.3/armv7e-m/fpu/crtbegin.o
 .ARM.attributes
                0x00000056       0x39 Middlewares/FatFs/src/diskio.o
 .ARM.attributes
                0x0000008f       0x39 Middlewares/FatFs/src/ff.o
 .ARM.attributes
                0x000000c8       0x39 Middlewares/FatFs/src/ff_gen_drv.o
 .ARM.attributes
                0x00000101       0x39 Middlewares/FatFs/src/drivers/sd_diskio.o
 .ARM.attributes
                0x0000013a       0x39 Drivers/STM32F3xx_HAL_Driver/stm32f3xx_hal.o
 .ARM.attributes
                0x00000173       0x39 Drivers/STM32F3xx_HAL_Driver/stm32f3xx_hal_adc.o
 .ARM.attributes
                0x000001ac       0x39 Drivers/STM32F3xx_HAL_Driver/stm32f3xx_hal_adc_ex.o
 .ARM.attributes
                0x000001e5       0x39 Drivers/STM32F3xx_HAL_Driver/stm32f3xx_hal_cortex.o
 .ARM.attributes
                0x0000021e       0x39 Drivers/STM32F3xx_HAL_Driver/stm32f3xx_hal_dac.o
 .ARM.attributes
                0x00000257       0x39 Drivers/STM32F3xx_HAL_Driver/stm32f3xx_hal_dac_ex.o
 .ARM.attributes
                0x00000290       0x39 Drivers/STM32F3xx_HAL_Driver/stm32f3xx_hal_dma.o
 .ARM.attributes
                0x000002c9       0x39 Drivers/STM32F3xx_HAL_Driver/stm32f3xx_hal_gpio.o
 .ARM.attributes
                0x00000302       0x39 Drivers/STM32F3xx_HAL_Driver/stm32f3xx_hal_rcc.o
 .ARM.attributes
                0x0000033b       0x39 Drivers/STM32F3xx_HAL_Driver/stm32f3xx_hal_spi.o
 .ARM.attributes
                0x00000374       0x39 Drivers/STM32F3xx_HAL_Driver/stm32f3xx_hal_tim.o
 .ARM.attributes
                0x000003ad       0x39 Drivers/STM32F3xx_HAL_Driver/stm32f3xx_hal_tim_ex.o
 .ARM.attributes
                0x000003e6       0x39 Drivers/CMSIS/system_stm32f3xx.o
 .ARM.attributes
                0x0000041f       0x39 Drivers/BSP/STM32303E_EVAL/stm32303e_eval.o
 .ARM.attributes
                0x00000458       0x39 Drivers/BSP/STM32303E_EVAL/stm32303e_eval_sd.o
 .ARM.attributes
                0x00000491       0x39 Application/User/main.o
 .ARM.attributes
                0x000004ca       0x39 Application/User/stm32f3xx_hal_msp.o
 .ARM.attributes
                0x00000503       0x39 Application/User/stm32f3xx_it.o
 .ARM.attributes
                0x0000053c       0x21 Application/SW4STM32/startup_stm32f303xe.o
 .ARM.attributes
                0x0000055d       0x34 c:/ac6/systemworkbench/plugins/fr.ac6.mcu.externaltools.arm-none.win32_1.3.0.201507241045/tools/compiler/bin/../lib/gcc/arm-none-eabi/4.9.3/../../../../arm-none-eabi/lib/armv7e-m/fpu\libc_nano.a(lib_a-impure.o)
 .ARM.attributes
                0x00000591       0x34 c:/ac6/systemworkbench/plugins/fr.ac6.mcu.externaltools.arm-none.win32_1.3.0.201507241045/tools/compiler/bin/../lib/gcc/arm-none-eabi/4.9.3/../../../../arm-none-eabi/lib/armv7e-m/fpu\libc_nano.a(lib_a-init.o)
 .ARM.attributes
                0x000005c5       0x34 c:/ac6/systemworkbench/plugins/fr.ac6.mcu.externaltools.arm-none.win32_1.3.0.201507241045/tools/compiler/bin/../lib/gcc/arm-none-eabi/4.9.3/../../../../arm-none-eabi/lib/armv7e-m/fpu\libc_nano.a(lib_a-sprintf.o)
 .ARM.attributes
                0x000005f9       0x34 c:/ac6/systemworkbench/plugins/fr.ac6.mcu.externaltools.arm-none.win32_1.3.0.201507241045/tools/compiler/bin/../lib/gcc/arm-none-eabi/4.9.3/../../../../arm-none-eabi/lib/armv7e-m/fpu\libc_nano.a(lib_a-nano-svfprintf.o)
 .ARM.attributes
                0x0000062d       0x34 c:/ac6/systemworkbench/plugins/fr.ac6.mcu.externaltools.arm-none.win32_1.3.0.201507241045/tools/compiler/bin/../lib/gcc/arm-none-eabi/4.9.3/../../../../arm-none-eabi/lib/armv7e-m/fpu\libc_nano.a(lib_a-nano-vfprintf_i.o)
 .ARM.attributes
                0x00000661       0x34 c:/ac6/systemworkbench/plugins/fr.ac6.mcu.externaltools.arm-none.win32_1.3.0.201507241045/tools/compiler/bin/../lib/gcc/arm-none-eabi/4.9.3/../../../../arm-none-eabi/lib/armv7e-m/fpu\libc_nano.a(lib_a-memchr.o)
 .ARM.attributes
                0x00000695       0x34 c:/ac6/systemworkbench/plugins/fr.ac6.mcu.externaltools.arm-none.win32_1.3.0.201507241045/tools/compiler/bin/../lib/gcc/arm-none-eabi/4.9.3/../../../../arm-none-eabi/lib/armv7e-m/fpu\libc_nano.a(lib_a-memcpy.o)
 .ARM.attributes
                0x000006c9       0x34 c:/ac6/systemworkbench/plugins/fr.ac6.mcu.externaltools.arm-none.win32_1.3.0.201507241045/tools/compiler/bin/../lib/gcc/arm-none-eabi/4.9.3/../../../../arm-none-eabi/lib/armv7e-m/fpu\libc_nano.a(lib_a-memmove.o)
 .ARM.attributes
                0x000006fd       0x34 c:/ac6/systemworkbench/plugins/fr.ac6.mcu.externaltools.arm-none.win32_1.3.0.201507241045/tools/compiler/bin/../lib/gcc/arm-none-eabi/4.9.3/../../../../arm-none-eabi/lib/armv7e-m/fpu\libc_nano.a(lib_a-nano-freer.o)
 .ARM.attributes
                0x00000731       0x34 c:/ac6/systemworkbench/plugins/fr.ac6.mcu.externaltools.arm-none.win32_1.3.0.201507241045/tools/compiler/bin/../lib/gcc/arm-none-eabi/4.9.3/../../../../arm-none-eabi/lib/armv7e-m/fpu\libc_nano.a(lib_a-nano-mallocr.o)
 .ARM.attributes
                0x00000765       0x34 c:/ac6/systemworkbench/plugins/fr.ac6.mcu.externaltools.arm-none.win32_1.3.0.201507241045/tools/compiler/bin/../lib/gcc/arm-none-eabi/4.9.3/../../../../arm-none-eabi/lib/armv7e-m/fpu\libc_nano.a(lib_a-nano-reallocr.o)
 .ARM.attributes
                0x00000799       0x34 c:/ac6/systemworkbench/plugins/fr.ac6.mcu.externaltools.arm-none.win32_1.3.0.201507241045/tools/compiler/bin/../lib/gcc/arm-none-eabi/4.9.3/../../../../arm-none-eabi/lib/armv7e-m/fpu\libc_nano.a(lib_a-sbrkr.o)
 .ARM.attributes
                0x000007cd       0x34 c:/ac6/systemworkbench/plugins/fr.ac6.mcu.externaltools.arm-none.win32_1.3.0.201507241045/tools/compiler/bin/../lib/gcc/arm-none-eabi/4.9.3/../../../../arm-none-eabi/lib/armv7e-m/fpu\libc_nano.a(lib_a-nano-msizer.o)
 .ARM.attributes
                0x00000801       0x34 c:/ac6/systemworkbench/plugins/fr.ac6.mcu.externaltools.arm-none.win32_1.3.0.201507241045/tools/compiler/bin/../lib/gcc/arm-none-eabi/4.9.3/../../../../arm-none-eabi/lib/armv7e-m/fpu\libc_nano.a(lib_a-reent.o)
 .ARM.attributes
                0x00000835       0x34 c:/ac6/systemworkbench/plugins/fr.ac6.mcu.externaltools.arm-none.win32_1.3.0.201507241045/tools/compiler/bin/../lib/gcc/arm-none-eabi/4.9.3/../../../../arm-none-eabi/lib/armv7e-m/fpu\libnosys.a(sbrk.o)
 .ARM.attributes
                0x00000869       0x22 c:/ac6/systemworkbench/plugins/fr.ac6.mcu.externaltools.arm-none.win32_1.3.0.201507241045/tools/compiler/bin/../lib/gcc/arm-none-eabi/4.9.3/armv7e-m/fpu/crtn.o
OUTPUT(batteryChargeruSD Configuration.elf elf32-littlearm)

.debug_info     0x00000000    0x1a244
 .debug_info    0x00000000      0x447 Middlewares/FatFs/src/diskio.o
 .debug_info    0x00000447     0x39d8 Middlewares/FatFs/src/ff.o
 .debug_info    0x00003e1f      0x496 Middlewares/FatFs/src/ff_gen_drv.o
 .debug_info    0x000042b5      0x7e3 Middlewares/FatFs/src/drivers/sd_diskio.o
 .debug_info    0x00004a98      0x75a Drivers/STM32F3xx_HAL_Driver/stm32f3xx_hal.o
 .debug_info    0x000051f2      0xa9d Drivers/STM32F3xx_HAL_Driver/stm32f3xx_hal_adc.o
 .debug_info    0x00005c8f     0x1a1d Drivers/STM32F3xx_HAL_Driver/stm32f3xx_hal_adc_ex.o
 .debug_info    0x000076ac      0xe3d Drivers/STM32F3xx_HAL_Driver/stm32f3xx_hal_cortex.o
 .debug_info    0x000084e9      0x82c Drivers/STM32F3xx_HAL_Driver/stm32f3xx_hal_dac.o
 .debug_info    0x00008d15      0xa32 Drivers/STM32F3xx_HAL_Driver/stm32f3xx_hal_dac_ex.o
 .debug_info    0x00009747      0x62e Drivers/STM32F3xx_HAL_Driver/stm32f3xx_hal_dma.o
 .debug_info    0x00009d75      0x718 Drivers/STM32F3xx_HAL_Driver/stm32f3xx_hal_gpio.o
 .debug_info    0x0000a48d     0x15d0 Drivers/STM32F3xx_HAL_Driver/stm32f3xx_hal_rcc.o
 .debug_info    0x0000ba5d     0x1c85 Drivers/STM32F3xx_HAL_Driver/stm32f3xx_hal_spi.o
 .debug_info    0x0000d6e2     0x32b4 Drivers/STM32F3xx_HAL_Driver/stm32f3xx_hal_tim.o
 .debug_info    0x00010996     0x15e5 Drivers/STM32F3xx_HAL_Driver/stm32f3xx_hal_tim_ex.o
 .debug_info    0x00011f7b      0x3bd Drivers/CMSIS/system_stm32f3xx.o
 .debug_info    0x00012338     0x304f Drivers/BSP/STM32303E_EVAL/stm32303e_eval.o
 .debug_info    0x00015387      0xcad Drivers/BSP/STM32303E_EVAL/stm32303e_eval_sd.o
 .debug_info    0x00016034     0x1bfc Application/User/main.o
 .debug_info    0x00017c30     0x1c97 Application/User/stm32f3xx_hal_msp.o
 .debug_info    0x000198c7      0x875 Application/User/stm32f3xx_it.o
 .debug_info    0x0001a13c      0x108 Application/SW4STM32/startup_stm32f303xe.o

.debug_abbrev   0x00000000     0x3483
 .debug_abbrev  0x00000000      0x18d Middlewares/FatFs/src/diskio.o
 .debug_abbrev  0x0000018d      0x3b8 Middlewares/FatFs/src/ff.o
 .debug_abbrev  0x00000545      0x1d5 Middlewares/FatFs/src/ff_gen_drv.o
 .debug_abbrev  0x0000071a      0x1fe Middlewares/FatFs/src/drivers/sd_diskio.o
 .debug_abbrev  0x00000918      0x1e5 Drivers/STM32F3xx_HAL_Driver/stm32f3xx_hal.o
 .debug_abbrev  0x00000afd      0x160 Drivers/STM32F3xx_HAL_Driver/stm32f3xx_hal_adc.o
 .debug_abbrev  0x00000c5d      0x2b1 Drivers/STM32F3xx_HAL_Driver/stm32f3xx_hal_adc_ex.o
 .debug_abbrev  0x00000f0e      0x2f1 Drivers/STM32F3xx_HAL_Driver/stm32f3xx_hal_cortex.o
 .debug_abbrev  0x000011ff      0x183 Drivers/STM32F3xx_HAL_Driver/stm32f3xx_hal_dac.o
 .debug_abbrev  0x00001382      0x261 Drivers/STM32F3xx_HAL_Driver/stm32f3xx_hal_dac_ex.o
 .debug_abbrev  0x000015e3      0x217 Drivers/STM32F3xx_HAL_Driver/stm32f3xx_hal_dma.o
 .debug_abbrev  0x000017fa      0x1c9 Drivers/STM32F3xx_HAL_Driver/stm32f3xx_hal_gpio.o
 .debug_abbrev  0x000019c3      0x2ff Drivers/STM32F3xx_HAL_Driver/stm32f3xx_hal_rcc.o
 .debug_abbrev  0x00001cc2      0x354 Drivers/STM32F3xx_HAL_Driver/stm32f3xx_hal_spi.o
 .debug_abbrev  0x00002016      0x317 Drivers/STM32F3xx_HAL_Driver/stm32f3xx_hal_tim.o
 .debug_abbrev  0x0000232d      0x23f Drivers/STM32F3xx_HAL_Driver/stm32f3xx_hal_tim_ex.o
 .debug_abbrev  0x0000256c      0x104 Drivers/CMSIS/system_stm32f3xx.o
 .debug_abbrev  0x00002670      0x3a3 Drivers/BSP/STM32303E_EVAL/stm32303e_eval.o
 .debug_abbrev  0x00002a13      0x30d Drivers/BSP/STM32303E_EVAL/stm32303e_eval_sd.o
 .debug_abbrev  0x00002d20      0x37c Application/User/main.o
 .debug_abbrev  0x0000309c      0x229 Application/User/stm32f3xx_hal_msp.o
 .debug_abbrev  0x000032c5      0x1ac Application/User/stm32f3xx_it.o
 .debug_abbrev  0x00003471       0x12 Application/SW4STM32/startup_stm32f303xe.o

.debug_loc      0x00000000     0xf53f
 .debug_loc     0x00000000      0x1c6 Middlewares/FatFs/src/diskio.o
 .debug_loc     0x000001c6     0x4256 Middlewares/FatFs/src/ff.o
 .debug_loc     0x0000441c      0x2e0 Middlewares/FatFs/src/ff_gen_drv.o
 .debug_loc     0x000046fc      0x372 Middlewares/FatFs/src/drivers/sd_diskio.o
 .debug_loc     0x00004a6e       0x3d Drivers/STM32F3xx_HAL_Driver/stm32f3xx_hal.o
 .debug_loc     0x00004aab      0x1ef Drivers/STM32F3xx_HAL_Driver/stm32f3xx_hal_adc.o
 .debug_loc     0x00004c9a     0x1baa Drivers/STM32F3xx_HAL_Driver/stm32f3xx_hal_adc_ex.o
 .debug_loc     0x00006844      0x31e Drivers/STM32F3xx_HAL_Driver/stm32f3xx_hal_cortex.o
 .debug_loc     0x00006b62      0x240 Drivers/STM32F3xx_HAL_Driver/stm32f3xx_hal_dac.o
 .debug_loc     0x00006da2      0x629 Drivers/STM32F3xx_HAL_Driver/stm32f3xx_hal_dac_ex.o
 .debug_loc     0x000073cb      0x3e0 Drivers/STM32F3xx_HAL_Driver/stm32f3xx_hal_dma.o
 .debug_loc     0x000077ab      0x305 Drivers/STM32F3xx_HAL_Driver/stm32f3xx_hal_gpio.o
 .debug_loc     0x00007ab0      0xd06 Drivers/STM32F3xx_HAL_Driver/stm32f3xx_hal_rcc.o
 .debug_loc     0x000087b6     0x15c6 Drivers/STM32F3xx_HAL_Driver/stm32f3xx_hal_spi.o
 .debug_loc     0x00009d7c     0x30b7 Drivers/STM32F3xx_HAL_Driver/stm32f3xx_hal_tim.o
 .debug_loc     0x0000ce33     0x1076 Drivers/STM32F3xx_HAL_Driver/stm32f3xx_hal_tim_ex.o
 .debug_loc     0x0000dea9       0xcc Drivers/CMSIS/system_stm32f3xx.o
 .debug_loc     0x0000df75      0xe49 Drivers/BSP/STM32303E_EVAL/stm32303e_eval.o
 .debug_loc     0x0000edbe      0x545 Drivers/BSP/STM32303E_EVAL/stm32303e_eval_sd.o
 .debug_loc     0x0000f303       0xa5 Application/User/main.o
 .debug_loc     0x0000f3a8      0x197 Application/User/stm32f3xx_hal_msp.o

.debug_aranges  0x00000000     0x1258
 .debug_aranges
                0x00000000       0x48 Middlewares/FatFs/src/diskio.o
 .debug_aranges
                0x00000048      0x1b0 Middlewares/FatFs/src/ff.o
 .debug_aranges
                0x000001f8       0x40 Middlewares/FatFs/src/ff_gen_drv.o
 .debug_aranges
                0x00000238       0x40 Middlewares/FatFs/src/drivers/sd_diskio.o
 .debug_aranges
                0x00000278       0xb0 Drivers/STM32F3xx_HAL_Driver/stm32f3xx_hal.o
 .debug_aranges
                0x00000328       0xc8 Drivers/STM32F3xx_HAL_Driver/stm32f3xx_hal_adc.o
 .debug_aranges
                0x000003f0      0x168 Drivers/STM32F3xx_HAL_Driver/stm32f3xx_hal_adc_ex.o
 .debug_aranges
                0x00000558       0x98 Drivers/STM32F3xx_HAL_Driver/stm32f3xx_hal_cortex.o
 .debug_aranges
                0x000005f0       0xa8 Drivers/STM32F3xx_HAL_Driver/stm32f3xx_hal_dac.o
 .debug_aranges
                0x00000698       0xb8 Drivers/STM32F3xx_HAL_Driver/stm32f3xx_hal_dac_ex.o
 .debug_aranges
                0x00000750       0x60 Drivers/STM32F3xx_HAL_Driver/stm32f3xx_hal_dma.o
 .debug_aranges
                0x000007b0       0x58 Drivers/STM32F3xx_HAL_Driver/stm32f3xx_hal_gpio.o
 .debug_aranges
                0x00000808       0x88 Drivers/STM32F3xx_HAL_Driver/stm32f3xx_hal_rcc.o
 .debug_aranges
                0x00000890      0x1c8 Drivers/STM32F3xx_HAL_Driver/stm32f3xx_hal_spi.o
 .debug_aranges
                0x00000a58      0x338 Drivers/STM32F3xx_HAL_Driver/stm32f3xx_hal_tim.o
 .debug_aranges
                0x00000d90      0x170 Drivers/STM32F3xx_HAL_Driver/stm32f3xx_hal_tim_ex.o
 .debug_aranges
                0x00000f00       0x28 Drivers/CMSIS/system_stm32f3xx.o
 .debug_aranges
                0x00000f28      0x178 Drivers/BSP/STM32303E_EVAL/stm32303e_eval.o
 .debug_aranges
                0x000010a0       0x58 Drivers/BSP/STM32303E_EVAL/stm32303e_eval_sd.o
 .debug_aranges
                0x000010f8       0x40 Application/User/main.o
 .debug_aranges
                0x00001138       0x80 Application/User/stm32f3xx_hal_msp.o
 .debug_aranges
                0x000011b8       0x78 Application/User/stm32f3xx_it.o
 .debug_aranges
                0x00001230       0x28 Application/SW4STM32/startup_stm32f303xe.o

.debug_ranges   0x00000000     0x1840
 .debug_ranges  0x00000000       0x38 Middlewares/FatFs/src/diskio.o
 .debug_ranges  0x00000038      0x268 Middlewares/FatFs/src/ff.o
 .debug_ranges  0x000002a0       0x30 Middlewares/FatFs/src/ff_gen_drv.o
 .debug_ranges  0x000002d0       0x30 Middlewares/FatFs/src/drivers/sd_diskio.o
 .debug_ranges  0x00000300       0xa0 Drivers/STM32F3xx_HAL_Driver/stm32f3xx_hal.o
 .debug_ranges  0x000003a0       0xb8 Drivers/STM32F3xx_HAL_Driver/stm32f3xx_hal_adc.o
 .debug_ranges  0x00000458      0x158 Drivers/STM32F3xx_HAL_Driver/stm32f3xx_hal_adc_ex.o
 .debug_ranges  0x000005b0      0x120 Drivers/STM32F3xx_HAL_Driver/stm32f3xx_hal_cortex.o
 .debug_ranges  0x000006d0       0x98 Drivers/STM32F3xx_HAL_Driver/stm32f3xx_hal_dac.o
 .debug_ranges  0x00000768       0xa8 Drivers/STM32F3xx_HAL_Driver/stm32f3xx_hal_dac_ex.o
 .debug_ranges  0x00000810       0x50 Drivers/STM32F3xx_HAL_Driver/stm32f3xx_hal_dma.o
 .debug_ranges  0x00000860       0x60 Drivers/STM32F3xx_HAL_Driver/stm32f3xx_hal_gpio.o
 .debug_ranges  0x000008c0      0x108 Drivers/STM32F3xx_HAL_Driver/stm32f3xx_hal_rcc.o
 .debug_ranges  0x000009c8      0x218 Drivers/STM32F3xx_HAL_Driver/stm32f3xx_hal_spi.o
 .debug_ranges  0x00000be0      0x418 Drivers/STM32F3xx_HAL_Driver/stm32f3xx_hal_tim.o
 .debug_ranges  0x00000ff8      0x160 Drivers/STM32F3xx_HAL_Driver/stm32f3xx_hal_tim_ex.o
 .debug_ranges  0x00001158       0x18 Drivers/CMSIS/system_stm32f3xx.o
 .debug_ranges  0x00001170      0x3f8 Drivers/BSP/STM32303E_EVAL/stm32303e_eval.o
 .debug_ranges  0x00001568       0x90 Drivers/BSP/STM32303E_EVAL/stm32303e_eval_sd.o
 .debug_ranges  0x000015f8       0x80 Application/User/main.o
 .debug_ranges  0x00001678      0x140 Application/User/stm32f3xx_hal_msp.o
 .debug_ranges  0x000017b8       0x68 Application/User/stm32f3xx_it.o
 .debug_ranges  0x00001820       0x20 Application/SW4STM32/startup_stm32f303xe.o

.debug_macro    0x00000000     0x4987
 .debug_macro   0x00000000      0x2f9 Middlewares/FatFs/src/diskio.o
 .debug_macro   0x000002f9       0x16 Middlewares/FatFs/src/diskio.o
 .debug_macro   0x0000030f       0x7c Middlewares/FatFs/src/diskio.o
 .debug_macro   0x0000038b       0x44 Middlewares/FatFs/src/diskio.o
 .debug_macro   0x000003cf       0x16 Middlewares/FatFs/src/diskio.o
 .debug_macro   0x000003e5       0x97 Middlewares/FatFs/src/diskio.o
 .debug_macro   0x0000047c       0xef Middlewares/FatFs/src/diskio.o
 .debug_macro   0x0000056b      0x540 Middlewares/FatFs/src/ff.o
 .debug_macro   0x00000aab       0x8e Middlewares/FatFs/src/ff.o
 .debug_macro   0x00000b39       0x52 Middlewares/FatFs/src/ff.o
 .debug_macro   0x00000b8b      0x2f9 Middlewares/FatFs/src/ff_gen_drv.o
 .debug_macro   0x00000e84      0x310 Middlewares/FatFs/src/drivers/sd_diskio.o
 .debug_macro   0x00001194      0x166 Middlewares/FatFs/src/drivers/sd_diskio.o
 .debug_macro   0x000012fa       0x10 Middlewares/FatFs/src/drivers/sd_diskio.o
 .debug_macro   0x0000130a      0x2c5 Drivers/STM32F3xx_HAL_Driver/stm32f3xx_hal.o
 .debug_macro   0x000015cf      0x2a2 Drivers/STM32F3xx_HAL_Driver/stm32f3xx_hal_adc.o
 .debug_macro   0x00001871      0x2cb Drivers/STM32F3xx_HAL_Driver/stm32f3xx_hal_adc_ex.o
 .debug_macro   0x00001b3c      0x2a1 Drivers/STM32F3xx_HAL_Driver/stm32f3xx_hal_cortex.o
 .debug_macro   0x00001ddd      0x2a2 Drivers/STM32F3xx_HAL_Driver/stm32f3xx_hal_dac.o
 .debug_macro   0x0000207f      0x2a1 Drivers/STM32F3xx_HAL_Driver/stm32f3xx_hal_dac_ex.o
 .debug_macro   0x00002320      0x2a7 Drivers/STM32F3xx_HAL_Driver/stm32f3xx_hal_dma.o
 .debug_macro   0x000025c7      0x2d9 Drivers/STM32F3xx_HAL_Driver/stm32f3xx_hal_gpio.o
 .debug_macro   0x000028a0      0x2b3 Drivers/STM32F3xx_HAL_Driver/stm32f3xx_hal_rcc.o
 .debug_macro   0x00002b53      0x2a8 Drivers/STM32F3xx_HAL_Driver/stm32f3xx_hal_spi.o
 .debug_macro   0x00002dfb      0x2a2 Drivers/STM32F3xx_HAL_Driver/stm32f3xx_hal_tim.o
 .debug_macro   0x0000309d      0x2ad Drivers/STM32F3xx_HAL_Driver/stm32f3xx_hal_tim_ex.o
 .debug_macro   0x0000334a      0x2a7 Drivers/CMSIS/system_stm32f3xx.o
 .debug_macro   0x000035f1      0x322 Drivers/BSP/STM32303E_EVAL/stm32303e_eval.o
 .debug_macro   0x00003913      0x399 Drivers/BSP/STM32303E_EVAL/stm32303e_eval.o
 .debug_macro   0x00003cac      0x2cb Drivers/BSP/STM32303E_EVAL/stm32303e_eval_sd.o
 .debug_macro   0x00003f77      0x31c Application/User/main.o
 .debug_macro   0x00004293       0xbe Application/User/main.o
 .debug_macro   0x00004351      0x316 Application/User/stm32f3xx_hal_msp.o
 .debug_macro   0x00004667      0x320 Application/User/stm32f3xx_it.o

.debug_line     0x00000000    0x11e18
 .debug_line    0x00000000      0x91b Middlewares/FatFs/src/diskio.o
 .debug_line    0x0000091b     0x1686 Middlewares/FatFs/src/ff.o
 .debug_line    0x00001fa1      0x923 Middlewares/FatFs/src/ff_gen_drv.o
 .debug_line    0x000028c4      0x99e Middlewares/FatFs/src/drivers/sd_diskio.o
 .debug_line    0x00003262      0x958 Drivers/STM32F3xx_HAL_Driver/stm32f3xx_hal.o
 .debug_line    0x00003bba      0x970 Drivers/STM32F3xx_HAL_Driver/stm32f3xx_hal_adc.o
 .debug_line    0x0000452a     0x1917 Drivers/STM32F3xx_HAL_Driver/stm32f3xx_hal_adc_ex.o
 .debug_line    0x00005e41      0x9e9 Drivers/STM32F3xx_HAL_Driver/stm32f3xx_hal_cortex.o
 .debug_line    0x0000682a      0x961 Drivers/STM32F3xx_HAL_Driver/stm32f3xx_hal_dac.o
 .debug_line    0x0000718b      0xaac Drivers/STM32F3xx_HAL_Driver/stm32f3xx_hal_dac_ex.o
 .debug_line    0x00007c37      0xe54 Drivers/STM32F3xx_HAL_Driver/stm32f3xx_hal_dma.o
 .debug_line    0x00008a8b      0x99b Drivers/STM32F3xx_HAL_Driver/stm32f3xx_hal_gpio.o
 .debug_line    0x00009426      0xd5b Drivers/STM32F3xx_HAL_Driver/stm32f3xx_hal_rcc.o
 .debug_line    0x0000a181     0x11e8 Drivers/STM32F3xx_HAL_Driver/stm32f3xx_hal_spi.o
 .debug_line    0x0000b369     0x1a78 Drivers/STM32F3xx_HAL_Driver/stm32f3xx_hal_tim.o
 .debug_line    0x0000cde1      0xf7e Drivers/STM32F3xx_HAL_Driver/stm32f3xx_hal_tim_ex.o
 .debug_line    0x0000dd5f      0x851 Drivers/CMSIS/system_stm32f3xx.o
 .debug_line    0x0000e5b0      0xdfe Drivers/BSP/STM32303E_EVAL/stm32303e_eval.o
 .debug_line    0x0000f3ae      0x9af Drivers/BSP/STM32303E_EVAL/stm32303e_eval_sd.o
 .debug_line    0x0000fd5d      0xa99 Application/User/main.o
 .debug_line    0x000107f6      0xafb Application/User/stm32f3xx_hal_msp.o
 .debug_line    0x000112f1      0xa48 Application/User/stm32f3xx_it.o
 .debug_line    0x00011d39       0xdf Application/SW4STM32/startup_stm32f303xe.o

.debug_str      0x00000000    0x94afc
 .debug_str     0x00000000    0x8dcf0 Middlewares/FatFs/src/diskio.o
                              0x8df61 (size before relaxing)
 .debug_str     0x0008dcf0      0xe62 Middlewares/FatFs/src/ff.o
                              0x8edaa (size before relaxing)
 .debug_str     0x0008eb52       0xd3 Middlewares/FatFs/src/ff_gen_drv.o
                              0x8dfb2 (size before relaxing)
 .debug_str     0x0008ec25      0x3a2 Middlewares/FatFs/src/drivers/sd_diskio.o
                              0x8e293 (size before relaxing)
 .debug_str     0x0008efc7      0x6bb Drivers/STM32F3xx_HAL_Driver/stm32f3xx_hal.o
                              0x8bfb4 (size before relaxing)
 .debug_str     0x0008f682      0x61b Drivers/STM32F3xx_HAL_Driver/stm32f3xx_hal_adc.o
                              0x8bdbf (size before relaxing)
 .debug_str     0x0008fc9d      0x79c Drivers/STM32F3xx_HAL_Driver/stm32f3xx_hal_adc_ex.o
                              0x8c516 (size before relaxing)
 .debug_str     0x00090439      0x397 Drivers/STM32F3xx_HAL_Driver/stm32f3xx_hal_cortex.o
                              0x8c09c (size before relaxing)
 .debug_str     0x000907d0      0x340 Drivers/STM32F3xx_HAL_Driver/stm32f3xx_hal_dac.o
                              0x8bbfd (size before relaxing)
 .debug_str     0x00090b10      0x1dd Drivers/STM32F3xx_HAL_Driver/stm32f3xx_hal_dac_ex.o
                              0x8bcfe (size before relaxing)
 .debug_str     0x00090ced      0x186 Drivers/STM32F3xx_HAL_Driver/stm32f3xx_hal_dma.o
                              0x8ba4f (size before relaxing)
 .debug_str     0x00090e73      0x34a Drivers/STM32F3xx_HAL_Driver/stm32f3xx_hal_gpio.o
                              0x8baf1 (size before relaxing)
 .debug_str     0x000911bd      0x35f Drivers/STM32F3xx_HAL_Driver/stm32f3xx_hal_rcc.o
                              0x8bbb5 (size before relaxing)
 .debug_str     0x0009151c      0x6c7 Drivers/STM32F3xx_HAL_Driver/stm32f3xx_hal_spi.o
                              0x8bff2 (size before relaxing)
 .debug_str     0x00091be3      0xe9c Drivers/STM32F3xx_HAL_Driver/stm32f3xx_hal_tim.o
                              0x8c857 (size before relaxing)
 .debug_str     0x00092a7f      0x5e1 Drivers/STM32F3xx_HAL_Driver/stm32f3xx_hal_tim_ex.o
                              0x8c304 (size before relaxing)
 .debug_str     0x00093060       0xce Drivers/CMSIS/system_stm32f3xx.o
                              0x8b833 (size before relaxing)
 .debug_str     0x0009312e      0xf86 Drivers/BSP/STM32303E_EVAL/stm32303e_eval.o
                              0x8ed83 (size before relaxing)
 .debug_str     0x000940b4      0x22c Drivers/BSP/STM32303E_EVAL/stm32303e_eval_sd.o
                              0x8dd2c (size before relaxing)
 .debug_str     0x000942e0      0x66a Application/User/main.o
                              0x8f373 (size before relaxing)
 .debug_str     0x0009494a       0xb6 Application/User/stm32f3xx_hal_msp.o
                              0x8f7c3 (size before relaxing)
 .debug_str     0x00094a00       0xfc Application/User/stm32f3xx_it.o
                              0x8e998 (size before relaxing)

.comment        0x00000000       0x70
 .comment       0x00000000       0x70 Middlewares/FatFs/src/diskio.o
                                 0x71 (size before relaxing)
 .comment       0x00000000       0x71 Middlewares/FatFs/src/ff.o
 .comment       0x00000000       0x71 Middlewares/FatFs/src/ff_gen_drv.o
 .comment       0x00000000       0x71 Middlewares/FatFs/src/drivers/sd_diskio.o
 .comment       0x00000000       0x71 Drivers/STM32F3xx_HAL_Driver/stm32f3xx_hal.o
 .comment       0x00000000       0x71 Drivers/STM32F3xx_HAL_Driver/stm32f3xx_hal_adc.o
 .comment       0x00000000       0x71 Drivers/STM32F3xx_HAL_Driver/stm32f3xx_hal_adc_ex.o
 .comment       0x00000000       0x71 Drivers/STM32F3xx_HAL_Driver/stm32f3xx_hal_cortex.o
 .comment       0x00000000       0x71 Drivers/STM32F3xx_HAL_Driver/stm32f3xx_hal_dac.o
 .comment       0x00000000       0x71 Drivers/STM32F3xx_HAL_Driver/stm32f3xx_hal_dac_ex.o
 .comment       0x00000000       0x71 Drivers/STM32F3xx_HAL_Driver/stm32f3xx_hal_dma.o
 .comment       0x00000000       0x71 Drivers/STM32F3xx_HAL_Driver/stm32f3xx_hal_gpio.o
 .comment       0x00000000       0x71 Drivers/STM32F3xx_HAL_Driver/stm32f3xx_hal_rcc.o
 .comment       0x00000000       0x71 Drivers/STM32F3xx_HAL_Driver/stm32f3xx_hal_spi.o
 .comment       0x00000000       0x71 Drivers/STM32F3xx_HAL_Driver/stm32f3xx_hal_tim.o
 .comment       0x00000000       0x71 Drivers/STM32F3xx_HAL_Driver/stm32f3xx_hal_tim_ex.o
 .comment       0x00000000       0x71 Drivers/CMSIS/system_stm32f3xx.o
 .comment       0x00000000       0x71 Drivers/BSP/STM32303E_EVAL/stm32303e_eval.o
 .comment       0x00000000       0x71 Drivers/BSP/STM32303E_EVAL/stm32303e_eval_sd.o
 .comment       0x00000000       0x71 Application/User/main.o
 .comment       0x00000000       0x71 Application/User/stm32f3xx_hal_msp.o
 .comment       0x00000000       0x71 Application/User/stm32f3xx_it.o

.debug_frame    0x00000000     0x3454
 .debug_frame   0x00000000       0x9c Middlewares/FatFs/src/diskio.o
 .debug_frame   0x0000009c      0x634 Middlewares/FatFs/src/ff.o
 .debug_frame   0x000006d0       0x6c Middlewares/FatFs/src/ff_gen_drv.o
 .debug_frame   0x0000073c       0x90 Middlewares/FatFs/src/drivers/sd_diskio.o
 .debug_frame   0x000007cc      0x164 Drivers/STM32F3xx_HAL_Driver/stm32f3xx_hal.o
 .debug_frame   0x00000930      0x170 Drivers/STM32F3xx_HAL_Driver/stm32f3xx_hal_adc.o
 .debug_frame   0x00000aa0      0x458 Drivers/STM32F3xx_HAL_Driver/stm32f3xx_hal_adc_ex.o
 .debug_frame   0x00000ef8      0x134 Drivers/STM32F3xx_HAL_Driver/stm32f3xx_hal_cortex.o
 .debug_frame   0x0000102c      0x150 Drivers/STM32F3xx_HAL_Driver/stm32f3xx_hal_dac.o
 .debug_frame   0x0000117c      0x1c8 Drivers/STM32F3xx_HAL_Driver/stm32f3xx_hal_dac_ex.o
 .debug_frame   0x00001344      0x104 Drivers/STM32F3xx_HAL_Driver/stm32f3xx_hal_dma.o
 .debug_frame   0x00001448       0xc8 Drivers/STM32F3xx_HAL_Driver/stm32f3xx_hal_gpio.o
 .debug_frame   0x00001510      0x14c Drivers/STM32F3xx_HAL_Driver/stm32f3xx_hal_rcc.o
 .debug_frame   0x0000165c      0x538 Drivers/STM32F3xx_HAL_Driver/stm32f3xx_hal_spi.o
 .debug_frame   0x00001b94      0x8ac Drivers/STM32F3xx_HAL_Driver/stm32f3xx_hal_tim.o
 .debug_frame   0x00002440      0x418 Drivers/STM32F3xx_HAL_Driver/stm32f3xx_hal_tim_ex.o
 .debug_frame   0x00002858       0x38 Drivers/CMSIS/system_stm32f3xx.o
 .debug_frame   0x00002890      0x4c8 Drivers/BSP/STM32303E_EVAL/stm32303e_eval.o
 .debug_frame   0x00002d58       0xf0 Drivers/BSP/STM32303E_EVAL/stm32303e_eval_sd.o
 .debug_frame   0x00002e48       0xa0 Application/User/main.o
 .debug_frame   0x00002ee8      0x148 Application/User/stm32f3xx_hal_msp.o
 .debug_frame   0x00003030       0xd0 Application/User/stm32f3xx_it.o
 .debug_frame   0x00003100       0x2c c:/ac6/systemworkbench/plugins/fr.ac6.mcu.externaltools.arm-none.win32_1.3.0.201507241045/tools/compiler/bin/../lib/gcc/arm-none-eabi/4.9.3/../../../../arm-none-eabi/lib/armv7e-m/fpu\libc_nano.a(lib_a-init.o)
 .debug_frame   0x0000312c       0x70 c:/ac6/systemworkbench/plugins/fr.ac6.mcu.externaltools.arm-none.win32_1.3.0.201507241045/tools/compiler/bin/../lib/gcc/arm-none-eabi/4.9.3/../../../../arm-none-eabi/lib/armv7e-m/fpu\libc_nano.a(lib_a-sprintf.o)
 .debug_frame   0x0000319c       0x8c c:/ac6/systemworkbench/plugins/fr.ac6.mcu.externaltools.arm-none.win32_1.3.0.201507241045/tools/compiler/bin/../lib/gcc/arm-none-eabi/4.9.3/../../../../arm-none-eabi/lib/armv7e-m/fpu\libc_nano.a(lib_a-nano-svfprintf.o)
 .debug_frame   0x00003228       0x58 c:/ac6/systemworkbench/plugins/fr.ac6.mcu.externaltools.arm-none.win32_1.3.0.201507241045/tools/compiler/bin/../lib/gcc/arm-none-eabi/4.9.3/../../../../arm-none-eabi/lib/armv7e-m/fpu\libc_nano.a(lib_a-nano-vfprintf_i.o)
 .debug_frame   0x00003280       0x28 c:/ac6/systemworkbench/plugins/fr.ac6.mcu.externaltools.arm-none.win32_1.3.0.201507241045/tools/compiler/bin/../lib/gcc/arm-none-eabi/4.9.3/../../../../arm-none-eabi/lib/armv7e-m/fpu\libc_nano.a(lib_a-memchr.o)
 .debug_frame   0x000032a8       0x28 c:/ac6/systemworkbench/plugins/fr.ac6.mcu.externaltools.arm-none.win32_1.3.0.201507241045/tools/compiler/bin/../lib/gcc/arm-none-eabi/4.9.3/../../../../arm-none-eabi/lib/armv7e-m/fpu\libc_nano.a(lib_a-memcpy.o)
 .debug_frame   0x000032d0       0x28 c:/ac6/systemworkbench/plugins/fr.ac6.mcu.externaltools.arm-none.win32_1.3.0.201507241045/tools/compiler/bin/../lib/gcc/arm-none-eabi/4.9.3/../../../../arm-none-eabi/lib/armv7e-m/fpu\libc_nano.a(lib_a-memmove.o)
 .debug_frame   0x000032f8       0x2c c:/ac6/systemworkbench/plugins/fr.ac6.mcu.externaltools.arm-none.win32_1.3.0.201507241045/tools/compiler/bin/../lib/gcc/arm-none-eabi/4.9.3/../../../../arm-none-eabi/lib/armv7e-m/fpu\libc_nano.a(lib_a-nano-freer.o)
 .debug_frame   0x00003324       0x2c c:/ac6/systemworkbench/plugins/fr.ac6.mcu.externaltools.arm-none.win32_1.3.0.201507241045/tools/compiler/bin/../lib/gcc/arm-none-eabi/4.9.3/../../../../arm-none-eabi/lib/armv7e-m/fpu\libc_nano.a(lib_a-nano-mallocr.o)
 .debug_frame   0x00003350       0x3c c:/ac6/systemworkbench/plugins/fr.ac6.mcu.externaltools.arm-none.win32_1.3.0.201507241045/tools/compiler/bin/../lib/gcc/arm-none-eabi/4.9.3/../../../../arm-none-eabi/lib/armv7e-m/fpu\libc_nano.a(lib_a-nano-reallocr.o)
 .debug_frame   0x0000338c       0x2c c:/ac6/systemworkbench/plugins/fr.ac6.mcu.externaltools.arm-none.win32_1.3.0.201507241045/tools/compiler/bin/../lib/gcc/arm-none-eabi/4.9.3/../../../../arm-none-eabi/lib/armv7e-m/fpu\libc_nano.a(lib_a-sbrkr.o)
 .debug_frame   0x000033b8       0x20 c:/ac6/systemworkbench/plugins/fr.ac6.mcu.externaltools.arm-none.win32_1.3.0.201507241045/tools/compiler/bin/../lib/gcc/arm-none-eabi/4.9.3/../../../../arm-none-eabi/lib/armv7e-m/fpu\libc_nano.a(lib_a-nano-msizer.o)
 .debug_frame   0x000033d8       0x5c c:/ac6/systemworkbench/plugins/fr.ac6.mcu.externaltools.arm-none.win32_1.3.0.201507241045/tools/compiler/bin/../lib/gcc/arm-none-eabi/4.9.3/../../../../arm-none-eabi/lib/armv7e-m/fpu\libc_nano.a(lib_a-reent.o)
 .debug_frame   0x00003434       0x20 c:/ac6/systemworkbench/plugins/fr.ac6.mcu.externaltools.arm-none.win32_1.3.0.201507241045/tools/compiler/bin/../lib/gcc/arm-none-eabi/4.9.3/../../../../arm-none-eabi/lib/armv7e-m/fpu\libnosys.a(sbrk.o)
