Archive member included because of file (symbol)

c:/ac6/systemworkbench/plugins/fr.ac6.mcu.externaltools.arm-none.win32_1.3.0.201507241045/tools/compiler/bin/../lib/gcc/arm-none-eabi/4.9.3/../../../../arm-none-eabi/lib/armv7e-m/fpu\libc_nano.a(lib_a-exit.o)
                              c:/ac6/systemworkbench/plugins/fr.ac6.mcu.externaltools.arm-none.win32_1.3.0.201507241045/tools/compiler/bin/../lib/gcc/arm-none-eabi/4.9.3/../../../../arm-none-eabi/lib/armv7e-m/fpu/crt0.o (exit)
c:/ac6/systemworkbench/plugins/fr.ac6.mcu.externaltools.arm-none.win32_1.3.0.201507241045/tools/compiler/bin/../lib/gcc/arm-none-eabi/4.9.3/../../../../arm-none-eabi/lib/armv7e-m/fpu\libc_nano.a(lib_a-impure.o)
                              c:/ac6/systemworkbench/plugins/fr.ac6.mcu.externaltools.arm-none.win32_1.3.0.201507241045/tools/compiler/bin/../lib/gcc/arm-none-eabi/4.9.3/../../../../arm-none-eabi/lib/armv7e-m/fpu\libc_nano.a(lib_a-exit.o) (_global_impure_ptr)
c:/ac6/systemworkbench/plugins/fr.ac6.mcu.externaltools.arm-none.win32_1.3.0.201507241045/tools/compiler/bin/../lib/gcc/arm-none-eabi/4.9.3/../../../../arm-none-eabi/lib/armv7e-m/fpu\libc_nano.a(lib_a-init.o)
                              c:/ac6/systemworkbench/plugins/fr.ac6.mcu.externaltools.arm-none.win32_1.3.0.201507241045/tools/compiler/bin/../lib/gcc/arm-none-eabi/4.9.3/../../../../arm-none-eabi/lib/armv7e-m/fpu/crt0.o (__libc_init_array)
c:/ac6/systemworkbench/plugins/fr.ac6.mcu.externaltools.arm-none.win32_1.3.0.201507241045/tools/compiler/bin/../lib/gcc/arm-none-eabi/4.9.3/../../../../arm-none-eabi/lib/armv7e-m/fpu\libc_nano.a(lib_a-memset.o)
                              c:/ac6/systemworkbench/plugins/fr.ac6.mcu.externaltools.arm-none.win32_1.3.0.201507241045/tools/compiler/bin/../lib/gcc/arm-none-eabi/4.9.3/../../../../arm-none-eabi/lib/armv7e-m/fpu/crt0.o (memset)
c:/ac6/systemworkbench/plugins/fr.ac6.mcu.externaltools.arm-none.win32_1.3.0.201507241045/tools/compiler/bin/../lib/gcc/arm-none-eabi/4.9.3/../../../../arm-none-eabi/lib/armv7e-m/fpu\libnosys.a(_exit.o)
                              c:/ac6/systemworkbench/plugins/fr.ac6.mcu.externaltools.arm-none.win32_1.3.0.201507241045/tools/compiler/bin/../lib/gcc/arm-none-eabi/4.9.3/../../../../arm-none-eabi/lib/armv7e-m/fpu\libc_nano.a(lib_a-exit.o) (_exit)

Allocating common symbols
Common symbol       size              file

heval_I2c           0x3c              Drivers/BSP/STM32303E_EVAL/stm32303e_eval.o
SDPath              0x4               Application/User/main.o
SDFatFs             0x230             Application/User/main.o
MyFile              0x22c             Application/User/main.o

Discarded input sections

 .text          0x00000000        0x0 c:/ac6/systemworkbench/plugins/fr.ac6.mcu.externaltools.arm-none.win32_1.3.0.201507241045/tools/compiler/bin/../lib/gcc/arm-none-eabi/4.9.3/armv7e-m/fpu/crti.o
 .data          0x00000000        0x0 c:/ac6/systemworkbench/plugins/fr.ac6.mcu.externaltools.arm-none.win32_1.3.0.201507241045/tools/compiler/bin/../lib/gcc/arm-none-eabi/4.9.3/armv7e-m/fpu/crti.o
 .bss           0x00000000        0x0 c:/ac6/systemworkbench/plugins/fr.ac6.mcu.externaltools.arm-none.win32_1.3.0.201507241045/tools/compiler/bin/../lib/gcc/arm-none-eabi/4.9.3/armv7e-m/fpu/crti.o
 .data          0x00000000        0x4 c:/ac6/systemworkbench/plugins/fr.ac6.mcu.externaltools.arm-none.win32_1.3.0.201507241045/tools/compiler/bin/../lib/gcc/arm-none-eabi/4.9.3/armv7e-m/fpu/crtbegin.o
 .text          0x00000000       0x74 c:/ac6/systemworkbench/plugins/fr.ac6.mcu.externaltools.arm-none.win32_1.3.0.201507241045/tools/compiler/bin/../lib/gcc/arm-none-eabi/4.9.3/../../../../arm-none-eabi/lib/armv7e-m/fpu/crt0.o
 .data          0x00000000        0x0 c:/ac6/systemworkbench/plugins/fr.ac6.mcu.externaltools.arm-none.win32_1.3.0.201507241045/tools/compiler/bin/../lib/gcc/arm-none-eabi/4.9.3/../../../../arm-none-eabi/lib/armv7e-m/fpu/crt0.o
 .bss           0x00000000        0x0 c:/ac6/systemworkbench/plugins/fr.ac6.mcu.externaltools.arm-none.win32_1.3.0.201507241045/tools/compiler/bin/../lib/gcc/arm-none-eabi/4.9.3/../../../../arm-none-eabi/lib/armv7e-m/fpu/crt0.o
 .ARM.extab     0x00000000        0x0 c:/ac6/systemworkbench/plugins/fr.ac6.mcu.externaltools.arm-none.win32_1.3.0.201507241045/tools/compiler/bin/../lib/gcc/arm-none-eabi/4.9.3/../../../../arm-none-eabi/lib/armv7e-m/fpu/crt0.o
 .ARM.exidx     0x00000000        0x8 c:/ac6/systemworkbench/plugins/fr.ac6.mcu.externaltools.arm-none.win32_1.3.0.201507241045/tools/compiler/bin/../lib/gcc/arm-none-eabi/4.9.3/../../../../arm-none-eabi/lib/armv7e-m/fpu/crt0.o
 .ARM.attributes
                0x00000000       0x20 c:/ac6/systemworkbench/plugins/fr.ac6.mcu.externaltools.arm-none.win32_1.3.0.201507241045/tools/compiler/bin/../lib/gcc/arm-none-eabi/4.9.3/../../../../arm-none-eabi/lib/armv7e-m/fpu/crt0.o
 .group         0x00000000        0x8 Middlewares/FatFs/Options/syscall.o
 .group         0x00000000        0x8 Middlewares/FatFs/Options/syscall.o
[...]
Memory Configuration

Name             Origin             Length             Attributes
FLASH            0x08000000         0x00080000         xr
RAM              0x20000000         0x00010000         xrw
CCMRAM           0x10000000         0x00004000         rw
*default*        0x00000000         0xffffffff

Linker script and memory map

LOAD c:/ac6/systemworkbench/plugins/fr.ac6.mcu.externaltools.arm-none.win32_1.3.0.201507241045/tools/compiler/bin/../lib/gcc/arm-none-eabi/4.9.3/armv7e-m/fpu/crti.o
LOAD c:/ac6/systemworkbench/plugins/fr.ac6.mcu.externaltools.arm-none.win32_1.3.0.201507241045/tools/compiler/bin/../lib/gcc/arm-none-eabi/4.9.3/armv7e-m/fpu/crtbegin.o
LOAD c:/ac6/systemworkbench/plugins/fr.ac6.mcu.externaltools.arm-none.win32_1.3.0.201507241045/tools/compiler/bin/../lib/gcc/arm-none-eabi/4.9.3/../../../../arm-none-eabi/lib/armv7e-m/fpu/crt0.o
LOAD c:/ac6/systemworkbench/plugins/fr.ac6.mcu.externaltools.arm-none.win32_1.3.0.201507241045/tools/compiler/bin/../lib/gcc/arm-none-eabi/4.9.3/../../../../arm-none-eabi/lib/armv7e-m/fpu\libm.a
LOAD Middlewares/FatFs/Options/syscall.o
LOAD Middlewares/FatFs/Options/unicode.o
LOAD Middlewares/FatFs/Drivers/sd_diskio.o
LOAD Middlewares/FatFs/Core/diskio.o
LOAD Middlewares/FatFs/Core/ff.o
LOAD Middlewares/FatFs/Core/ff_gen_drv.o
LOAD Example/SW4STM32/startup_stm32f303xe.o
LOAD Drivers/STM32F3xx_HAL_Driver/stm32f3xx_hal.o
LOAD Drivers/STM32F3xx_HAL_Driver/stm32f3xx_hal_cortex.o
LOAD Drivers/STM32F3xx_HAL_Driver/stm32f3xx_hal_dma.o
LOAD Drivers/STM32F3xx_HAL_Driver/stm32f3xx_hal_gpio.o
LOAD Drivers/STM32F3xx_HAL_Driver/stm32f3xx_hal_i2c.o
LOAD Drivers/STM32F3xx_HAL_Driver/stm32f3xx_hal_rcc.o
LOAD Drivers/STM32F3xx_HAL_Driver/stm32f3xx_hal_rcc_ex.o
LOAD Drivers/STM32F3xx_HAL_Driver/stm32f3xx_hal_spi.o
LOAD Drivers/STM32F3xx_HAL_Driver/stm32f3xx_hal_uart.o
LOAD Drivers/STM32F3xx_HAL_Driver/stm32f3xx_hal_uart_ex.o
LOAD Drivers/CMSIS/system_stm32f3xx.o
LOAD Drivers/BSP/STM32303E_EVAL/stm32303e_eval.o
LOAD Drivers/BSP/STM32303E_EVAL/stm32303e_eval_sd.o
LOAD Application/User/main.o
LOAD Application/User/stm32f3xx_it.o
START GROUP
LOAD c:/ac6/systemworkbench/plugins/fr.ac6.mcu.externaltools.arm-none.win32_1.3.0.201507241045/tools/compiler/bin/../lib/gcc/arm-none-eabi/4.9.3/armv7e-m/fpu\libgcc.a
LOAD c:/ac6/systemworkbench/plugins/fr.ac6.mcu.externaltools.arm-none.win32_1.3.0.201507241045/tools/compiler/bin/../lib/gcc/arm-none-eabi/4.9.3/../../../../arm-none-eabi/lib/armv7e-m/fpu\libc_nano.a
END GROUP
START GROUP
LOAD c:/ac6/systemworkbench/plugins/fr.ac6.mcu.externaltools.arm-none.win32_1.3.0.201507241045/tools/compiler/bin/../lib/gcc/arm-none-eabi/4.9.3/armv7e-m/fpu\libgcc.a
LOAD c:/ac6/systemworkbench/plugins/fr.ac6.mcu.externaltools.arm-none.win32_1.3.0.201507241045/tools/compiler/bin/../lib/gcc/arm-none-eabi/4.9.3/../../../../arm-none-eabi/lib/armv7e-m/fpu\libc_nano.a
LOAD c:/ac6/systemworkbench/plugins/fr.ac6.mcu.externaltools.arm-none.win32_1.3.0.201507241045/tools/compiler/bin/../lib/gcc/arm-none-eabi/4.9.3/../../../../arm-none-eabi/lib/armv7e-m/fpu\libnosys.a
END GROUP
START GROUP
LOAD c:/ac6/systemworkbench/plugins/fr.ac6.mcu.externaltools.arm-none.win32_1.3.0.201507241045/tools/compiler/bin/../lib/gcc/arm-none-eabi/4.9.3/armv7e-m/fpu\libgcc.a
LOAD c:/ac6/systemworkbench/plugins/fr.ac6.mcu.externaltools.arm-none.win32_1.3.0.201507241045/tools/compiler/bin/../lib/gcc/arm-none-eabi/4.9.3/../../../../arm-none-eabi/lib/armv7e-m/fpu\libc_nano.a
LOAD c:/ac6/systemworkbench/plugins/fr.ac6.mcu.externaltools.arm-none.win32_1.3.0.201507241045/tools/compiler/bin/../lib/gcc/arm-none-eabi/4.9.3/../../../../arm-none-eabi/lib/armv7e-m/fpu\libnosys.a
END GROUP
LOAD c:/ac6/systemworkbench/plugins/fr.ac6.mcu.externaltools.arm-none.win32_1.3.0.201507241045/tools/compiler/bin/../lib/gcc/arm-none-eabi/4.9.3/armv7e-m/fpu/crtend.o
LOAD c:/ac6/systemworkbench/plugins/fr.ac6.mcu.externaltools.arm-none.win32_1.3.0.201507241045/tools/compiler/bin/../lib/gcc/arm-none-eabi/4.9.3/armv7e-m/fpu/crtn.o
                0x20010000                _estack = 0x20010000
                0x00000200                _Min_Heap_Size = 0x200
                0x00000500                _Min_Stack_Size = 0x500

.isr_vector     0x08000000      0x194
                0x08000000                . = ALIGN (0x4)
 *(.isr_vector)
 .isr_vector    0x08000000      0x194 Example/SW4STM32/startup_stm32f303xe.o
                0x08000000                g_pfnVectors
                0x08000194                . = ALIGN (0x4)

.text           0x08000194     0x3788
                0x08000194                . = ALIGN (0x4)
 *(.text)
 .text          0x08000194       0x5c c:/ac6/systemworkbench/plugins/fr.ac6.mcu.externaltools.arm-none.win32_1.3.0.201507241045/tools/compiler/bin/../lib/gcc/arm-none-eabi/4.9.3/armv7e-m/fpu/crtbegin.o
 *(.text*)
 .text.SD_initialize
                0x080001f0       0x20 Middlewares/FatFs/Drivers/sd_diskio.o
                0x080001f0                SD_initialize
 .text.SD_status
                0x08000210       0x20 Middlewares/FatFs/Drivers/sd_diskio.o
                0x08000210                SD_status
 .text.SD_read  0x08000230       0x20 Middlewares/FatFs/Drivers/sd_diskio.o
                0x08000230                SD_read
 .text.SD_write
                0x08000250       0x20 Middlewares/FatFs/Drivers/sd_diskio.o
                0x08000250                SD_write
 .text.SD_ioctl
                0x08000270       0x4c Middlewares/FatFs/Drivers/sd_diskio.o
                0x08000270                SD_ioctl
 .text.disk_status
                0x080002bc       0x14 Middlewares/FatFs/Core/diskio.o
                0x080002bc                disk_status
 .text.disk_initialize
                0x080002d0       0x20 Middlewares/FatFs/Core/diskio.o
                0x080002d0                disk_initialize
 .text.disk_read
                0x080002f0       0x1c Middlewares/FatFs/Core/diskio.o
                0x080002f0                disk_read
 .text.disk_write
                0x0800030c       0x1c Middlewares/FatFs/Core/diskio.o
                0x0800030c                disk_write
 .text.disk_ioctl
                0x08000328       0x1c Middlewares/FatFs/Core/diskio.o
                0x08000328                disk_ioctl
 .text.mem_cpy  0x08000344       0x14 Middlewares/FatFs/Core/ff.o
 .text.mem_set  0x08000358        0xe Middlewares/FatFs/Core/ff.o
 *fill*         0x08000366        0x2 
 .text.chk_lock
                0x08000368       0x70 Middlewares/FatFs/Core/ff.o
 .text.inc_lock
                0x080003d8       0x88 Middlewares/FatFs/Core/ff.o
 .text.dec_lock
                0x08000460       0x38 Middlewares/FatFs/Core/ff.o
 .text.clmt_clust
                0x08000498       0x28 Middlewares/FatFs/Core/ff.o
 .text.get_ldnumber
                0x080004c0       0x32 Middlewares/FatFs/Core/ff.o
 .text.validate
                0x080004f2       0x34 Middlewares/FatFs/Core/ff.o
 .text.ld_clust.isra.0
                0x08000526       0x1c Middlewares/FatFs/Core/ff.o
 .text.sync_window.part.2
                0x08000542       0x52 Middlewares/FatFs/Core/ff.o
 .text.sync_window
                0x08000594        0xe Middlewares/FatFs/Core/ff.o
 .text.sync_fs  0x080005a2       0xbc Middlewares/FatFs/Core/ff.o
 .text.move_window
                0x0800065e       0x3a Middlewares/FatFs/Core/ff.o
 .text.check_fs
                0x08000698       0x88 Middlewares/FatFs/Core/ff.o
 .text.find_volume
                0x08000720      0x33c Middlewares/FatFs/Core/ff.o
 .text.clust2sect
                0x08000a5c       0x1c Middlewares/FatFs/Core/ff.o
                0x08000a5c                clust2sect
 .text.get_fat  0x08000a78       0xc2 Middlewares/FatFs/Core/ff.o
                0x08000a78                get_fat
 .text.dir_sdi  0x08000b3a       0xa2 Middlewares/FatFs/Core/ff.o
 .text.put_fat  0x08000bdc       0xf0 Middlewares/FatFs/Core/ff.o
                0x08000bdc                put_fat
 .text.create_chain
                0x08000ccc       0xb4 Middlewares/FatFs/Core/ff.o
 .text.dir_next
                0x08000d80      0x120 Middlewares/FatFs/Core/ff.o
 .text.follow_path
                0x08000ea0      0x1bc Middlewares/FatFs/Core/ff.o
 .text.dir_register
                0x0800105c       0x74 Middlewares/FatFs/Core/ff.o
 .text.remove_chain
                0x080010d0       0x66 Middlewares/FatFs/Core/ff.o
 *fill*         0x08001136        0x2 
 .text.f_mount  0x08001138       0x6c Middlewares/FatFs/Core/ff.o
                0x08001138                f_mount
 .text.f_open   0x080011a4      0x19c Middlewares/FatFs/Core/ff.o
                0x080011a4                f_open
 .text.f_read   0x08001340      0x18a Middlewares/FatFs/Core/ff.o
                0x08001340                f_read
 .text.f_write  0x080014ca      0x1d2 Middlewares/FatFs/Core/ff.o
                0x080014ca                f_write
 .text.f_sync   0x0800169c       0xc2 Middlewares/FatFs/Core/ff.o
                0x0800169c                f_sync
 .text.f_close  0x0800175e       0x22 Middlewares/FatFs/Core/ff.o
                0x0800175e                f_close
 .text.f_mkfs   0x08001780      0x574 Middlewares/FatFs/Core/ff.o
                0x08001780                f_mkfs
 .text.FATFS_LinkDriverEx
                0x08001cf4       0x44 Middlewares/FatFs/Core/ff_gen_drv.o
                0x08001cf4                FATFS_LinkDriverEx
 .text.FATFS_LinkDriver
                0x08001d38        0x6 Middlewares/FatFs/Core/ff_gen_drv.o
                0x08001d38                FATFS_LinkDriver
 *fill*         0x08001d3e        0x2 
 .text.FATFS_UnLinkDriverEx
                0x08001d40       0x30 Middlewares/FatFs/Core/ff_gen_drv.o
                0x08001d40                FATFS_UnLinkDriverEx
 .text.FATFS_UnLinkDriver
                0x08001d70        0x6 Middlewares/FatFs/Core/ff_gen_drv.o
                0x08001d70                FATFS_UnLinkDriver
 *fill*         0x08001d76        0x2 
 .text.Reset_Handler
                0x08001d78       0x50 Example/SW4STM32/startup_stm32f303xe.o
                0x08001d78                Reset_Handler
 .text.Default_Handler
                0x08001dc8        0x2 Example/SW4STM32/startup_stm32f303xe.o
                0x08001dc8                RTC_Alarm_IRQHandler
                0x08001dc8                TIM8_TRG_COM_IRQHandler
                0x08001dc8                TIM8_CC_IRQHandler
                0x08001dc8                SPI4_IRQHandler
                0x08001dc8                TIM1_CC_IRQHandler
                0x08001dc8                USB_HP_IRQHandler
                0x08001dc8                PVD_IRQHandler
                0x08001dc8                TAMP_STAMP_IRQHandler
                0x08001dc8                EXTI3_IRQHandler
                0x08001dc8                I2C3_ER_IRQHandler
                0x08001dc8                USB_HP_CAN_TX_IRQHandler
                0x08001dc8                EXTI0_IRQHandler
                0x08001dc8                I2C2_EV_IRQHandler
                0x08001dc8                FPU_IRQHandler
                0x08001dc8                TIM1_UP_TIM16_IRQHandler
                0x08001dc8                ADC1_2_IRQHandler
                0x08001dc8                SPI1_IRQHandler
                0x08001dc8                CAN_SCE_IRQHandler
                0x08001dc8                TIM6_DAC_IRQHandler
                0x08001dc8                TIM8_UP_IRQHandler
                0x08001dc8                DMA2_Channel2_IRQHandler
                0x08001dc8                DMA1_Channel4_IRQHandler
                0x08001dc8                TIM20_TRG_COM_IRQHandler
                0x08001dc8                USART3_IRQHandler
                0x08001dc8                DMA1_Channel7_IRQHandler
                0x08001dc8                UART5_IRQHandler
                0x08001dc8                ADC3_IRQHandler
                0x08001dc8                TIM4_IRQHandler
                0x08001dc8                CAN_RX1_IRQHandler
                0x08001dc8                DMA2_Channel1_IRQHandler
                0x08001dc8                I2C1_EV_IRQHandler
                0x08001dc8                DMA1_Channel6_IRQHandler
                0x08001dc8                UART4_IRQHandler
                0x08001dc8                DMA2_Channel4_IRQHandler
                0x08001dc8                TIM3_IRQHandler
                0x08001dc8                RCC_IRQHandler
                0x08001dc8                TIM20_UP_IRQHandler
                0x08001dc8                DMA1_Channel1_IRQHandler
                0x08001dc8                Default_Handler
                0x08001dc8                USBWakeUp_RMP_IRQHandler
                0x08001dc8                EXTI15_10_IRQHandler
                0x08001dc8                TIM7_IRQHandler
                0x08001dc8                I2C3_EV_IRQHandler
                0x08001dc8                RTC_WKUP_IRQHandler
                0x08001dc8                SPI2_IRQHandler
                0x08001dc8                USB_LP_CAN_RX0_IRQHandler
                0x08001dc8                DMA2_Channel5_IRQHandler
                0x08001dc8                DMA1_Channel5_IRQHandler
                0x08001dc8                USB_LP_IRQHandler
                0x08001dc8                EXTI4_IRQHandler
                0x08001dc8                TIM1_TRG_COM_TIM17_IRQHandler
                0x08001dc8                DMA1_Channel3_IRQHandler
                0x08001dc8                ADC4_IRQHandler
                0x08001dc8                WWDG_IRQHandler
                0x08001dc8                TIM2_IRQHandler
                0x08001dc8                COMP7_IRQHandler
                0x08001dc8                COMP1_2_3_IRQHandler
                0x08001dc8                EXTI1_IRQHandler
                0x08001dc8                USART2_IRQHandler
                0x08001dc8                COMP4_5_6_IRQHandler
                0x08001dc8                TIM20_BRK_IRQHandler
                0x08001dc8                I2C2_ER_IRQHandler
                0x08001dc8                DMA1_Channel2_IRQHandler
                0x08001dc8                TIM8_BRK_IRQHandler
                0x08001dc8                FLASH_IRQHandler
                0x08001dc8                TIM20_CC_IRQHandler
                0x08001dc8                USART1_IRQHandler
                0x08001dc8                SPI3_IRQHandler
                0x08001dc8                I2C1_ER_IRQHandler
                0x08001dc8                FMC_IRQHandler
                0x08001dc8                USBWakeUp_IRQHandler
                0x08001dc8                DMA2_Channel3_IRQHandler
                0x08001dc8                EXTI2_TSC_IRQHandler
                0x08001dc8                TIM1_BRK_TIM15_IRQHandler
 .text.HAL_MspInit
                0x08001dca        0x2 Drivers/STM32F3xx_HAL_Driver/stm32f3xx_hal.o
                0x08001dca                HAL_MspInit
 .text.HAL_InitTick
                0x08001dcc       0x24 Drivers/STM32F3xx_HAL_Driver/stm32f3xx_hal.o
                0x08001dcc                HAL_InitTick
 .text.HAL_Init
                0x08001df0       0x24 Drivers/STM32F3xx_HAL_Driver/stm32f3xx_hal.o
                0x08001df0                HAL_Init
 .text.HAL_IncTick
                0x08001e14       0x10 Drivers/STM32F3xx_HAL_Driver/stm32f3xx_hal.o
                0x08001e14                HAL_IncTick
 .text.HAL_GetTick
                0x08001e24        0xc Drivers/STM32F3xx_HAL_Driver/stm32f3xx_hal.o
                0x08001e24                HAL_GetTick
 .text.HAL_Delay
                0x08001e30       0x1a Drivers/STM32F3xx_HAL_Driver/stm32f3xx_hal.o
                0x08001e30                HAL_Delay
 *fill*         0x08001e4a        0x2 
 .text.HAL_NVIC_SetPriorityGrouping
                0x08001e4c       0x24 Drivers/STM32F3xx_HAL_Driver/stm32f3xx_hal_cortex.o
                0x08001e4c                HAL_NVIC_SetPriorityGrouping
 .text.HAL_NVIC_SetPriority
                0x08001e70       0x60 Drivers/STM32F3xx_HAL_Driver/stm32f3xx_hal_cortex.o
                0x08001e70                HAL_NVIC_SetPriority
 .text.HAL_NVIC_EnableIRQ
                0x08001ed0       0x18 Drivers/STM32F3xx_HAL_Driver/stm32f3xx_hal_cortex.o
                0x08001ed0                HAL_NVIC_EnableIRQ
 .text.HAL_SYSTICK_Config
                0x08001ee8       0x2c Drivers/STM32F3xx_HAL_Driver/stm32f3xx_hal_cortex.o
                0x08001ee8                HAL_SYSTICK_Config
 .text.HAL_GPIO_Init
                0x08001f14      0x1a8 Drivers/STM32F3xx_HAL_Driver/stm32f3xx_hal_gpio.o
                0x08001f14                HAL_GPIO_Init
 .text.HAL_GPIO_ReadPin
                0x080020bc        0xc Drivers/STM32F3xx_HAL_Driver/stm32f3xx_hal_gpio.o
                0x080020bc                HAL_GPIO_ReadPin
 .text.HAL_GPIO_WritePin
                0x080020c8        0xa Drivers/STM32F3xx_HAL_Driver/stm32f3xx_hal_gpio.o
                0x080020c8                HAL_GPIO_WritePin
 .text.HAL_GPIO_TogglePin
                0x080020d2        0x8 Drivers/STM32F3xx_HAL_Driver/stm32f3xx_hal_gpio.o
                0x080020d2                HAL_GPIO_TogglePin
 *fill*         0x080020da        0x2 
 .text.HAL_GPIO_EXTI_IRQHandler
                0x080020dc       0x18 Drivers/STM32F3xx_HAL_Driver/stm32f3xx_hal_gpio.o
                0x080020dc                HAL_GPIO_EXTI_IRQHandler
 .text.HAL_RCC_OscConfig
                0x080020f4      0x584 Drivers/STM32F3xx_HAL_Driver/stm32f3xx_hal_rcc.o
                0x080020f4                HAL_RCC_OscConfig
 .text.HAL_RCC_ClockConfig
                0x08002678      0x1ec Drivers/STM32F3xx_HAL_Driver/stm32f3xx_hal_rcc.o
                0x08002678                HAL_RCC_ClockConfig
 .text.HAL_RCC_GetSysClockFreq
                0x08002864       0x54 Drivers/STM32F3xx_HAL_Driver/stm32f3xx_hal_rcc.o
                0x08002864                HAL_RCC_GetSysClockFreq
 .text.HAL_RCC_GetHCLKFreq
                0x080028b8       0x38 Drivers/STM32F3xx_HAL_Driver/stm32f3xx_hal_rcc.o
                0x080028b8                HAL_RCC_GetHCLKFreq
 .text.SPI_WaitFifoStateUntilTimeout
                0x080028f0       0xa0 Drivers/STM32F3xx_HAL_Driver/stm32f3xx_hal_spi.o
 .text.SPI_WaitFlagStateUntilTimeout
                0x08002990       0x8c Drivers/STM32F3xx_HAL_Driver/stm32f3xx_hal_spi.o
 .text.SPI_EndRxTxTransaction
                0x08002a1c       0x2e Drivers/STM32F3xx_HAL_Driver/stm32f3xx_hal_spi.o
 .text.HAL_SPI_MspInit
                0x08002a4a        0x2 Drivers/STM32F3xx_HAL_Driver/stm32f3xx_hal_spi.o
                0x08002a4a                HAL_SPI_MspInit
 .text.HAL_SPI_Init
                0x08002a4c       0xb2 Drivers/STM32F3xx_HAL_Driver/stm32f3xx_hal_spi.o
                0x08002a4c                HAL_SPI_Init
 .text.HAL_SPI_MspDeInit
                0x08002afe        0x2 Drivers/STM32F3xx_HAL_Driver/stm32f3xx_hal_spi.o
                0x08002afe                HAL_SPI_MspDeInit
 .text.HAL_SPI_DeInit
                0x08002b00       0x2c Drivers/STM32F3xx_HAL_Driver/stm32f3xx_hal_spi.o
                0x08002b00                HAL_SPI_DeInit
 .text.HAL_SPI_Transmit
                0x08002b2c      0x170 Drivers/STM32F3xx_HAL_Driver/stm32f3xx_hal_spi.o
                0x08002b2c                HAL_SPI_Transmit
 .text.HAL_SPI_TransmitReceive
                0x08002c9c      0x286 Drivers/STM32F3xx_HAL_Driver/stm32f3xx_hal_spi.o
                0x08002c9c                HAL_SPI_TransmitReceive
 .text.HAL_SPI_GetState
                0x08002f22        0x6 Drivers/STM32F3xx_HAL_Driver/stm32f3xx_hal_spi.o
                0x08002f22                HAL_SPI_GetState
 .text.SystemInit
                0x08002f28       0x68 Drivers/CMSIS/system_stm32f3xx.o
                0x08002f28                SystemInit
 .text.SPIx_Init
                0x08002f90       0xd0 Drivers/BSP/STM32303E_EVAL/stm32303e_eval.o
 .text.SPIx_Read
                0x08003060       0x3c Drivers/BSP/STM32303E_EVAL/stm32303e_eval.o
 .text.SPIx_Write
                0x0800309c       0x30 Drivers/BSP/STM32303E_EVAL/stm32303e_eval.o
 .text.BSP_LED_Init
                0x080030cc       0xa4 Drivers/BSP/STM32303E_EVAL/stm32303e_eval.o
                0x080030cc                BSP_LED_Init
 .text.BSP_LED_On
                0x08003170       0x20 Drivers/BSP/STM32303E_EVAL/stm32303e_eval.o
                0x08003170                BSP_LED_On
 .text.BSP_LED_Toggle
                0x08003190       0x1c Drivers/BSP/STM32303E_EVAL/stm32303e_eval.o
                0x08003190                BSP_LED_Toggle
 .text.SD_IO_Init
                0x080031ac       0x98 Drivers/BSP/STM32303E_EVAL/stm32303e_eval.o
                0x080031ac                SD_IO_Init
 .text.SD_IO_WriteByte
                0x08003244        0x4 Drivers/BSP/STM32303E_EVAL/stm32303e_eval.o
                0x08003244                SD_IO_WriteByte
 .text.SD_IO_ReadByte
                0x08003248       0x28 Drivers/BSP/STM32303E_EVAL/stm32303e_eval.o
                0x08003248                SD_IO_ReadByte
 .text.SD_IO_WaitResponse
                0x08003270       0x24 Drivers/BSP/STM32303E_EVAL/stm32303e_eval.o
                0x08003270                SD_IO_WaitResponse
 .text.SD_IO_WriteCmd
                0x08003294       0x5c Drivers/BSP/STM32303E_EVAL/stm32303e_eval.o
                0x08003294                SD_IO_WriteCmd
 .text.SD_IO_WriteDummy
                0x080032f0       0x1c Drivers/BSP/STM32303E_EVAL/stm32303e_eval.o
                0x080032f0                SD_IO_WriteDummy
 .text.SD_SendCmd
                0x0800330c       0x14 Drivers/BSP/STM32303E_EVAL/stm32303e_eval_sd.o
 .text.BSP_SD_IsDetected
                0x08003320       0x28 Drivers/BSP/STM32303E_EVAL/stm32303e_eval_sd.o
                0x08003320                BSP_SD_IsDetected
 .text.BSP_SD_Init
                0x08003348       0x40 Drivers/BSP/STM32303E_EVAL/stm32303e_eval_sd.o
                0x08003348                BSP_SD_Init
 .text.BSP_SD_GetCardInfo
                0x08003388      0x2aa Drivers/BSP/STM32303E_EVAL/stm32303e_eval_sd.o
                0x08003388                BSP_SD_GetCardInfo
 .text.BSP_SD_ReadBlocks
                0x08003632       0x7e Drivers/BSP/STM32303E_EVAL/stm32303e_eval_sd.o
                0x08003632                BSP_SD_ReadBlocks
 .text.BSP_SD_WriteBlocks
                0x080036b0       0x9a Drivers/BSP/STM32303E_EVAL/stm32303e_eval_sd.o
                0x080036b0                BSP_SD_WriteBlocks
 .text.BSP_SD_GetStatus
                0x0800374a        0x4 Drivers/BSP/STM32303E_EVAL/stm32303e_eval_sd.o
                0x0800374a                BSP_SD_GetStatus
 .text.unlikely.Error_Handler
                0x0800374e       0x10 Application/User/main.o
 .text.SystemClock_Config
                0x0800375e       0x4a Application/User/main.o
                0x0800375e                SystemClock_Config
 .text.startup.main
                0x080037a8       0xec Application/User/main.o
                0x080037a8                main
 .text.HAL_GPIO_EXTI_Callback
                0x08003894        0xa Application/User/main.o
                0x08003894                HAL_GPIO_EXTI_Callback
 .text.NMI_Handler
                0x0800389e        0x2 Application/User/stm32f3xx_it.o
                0x0800389e                NMI_Handler
 .text.HardFault_Handler
                0x080038a0        0x2 Application/User/stm32f3xx_it.o
                0x080038a0                HardFault_Handler
 .text.MemManage_Handler
                0x080038a2        0x2 Application/User/stm32f3xx_it.o
                0x080038a2                MemManage_Handler
 .text.BusFault_Handler
                0x080038a4        0x2 Application/User/stm32f3xx_it.o
                0x080038a4                BusFault_Handler
 .text.UsageFault_Handler
                0x080038a6        0x2 Application/User/stm32f3xx_it.o
                0x080038a6                UsageFault_Handler
 .text.SVC_Handler
                0x080038a8        0x2 Application/User/stm32f3xx_it.o
                0x080038a8                SVC_Handler
 .text.DebugMon_Handler
                0x080038aa        0x2 Application/User/stm32f3xx_it.o
                0x080038aa                DebugMon_Handler
 .text.PendSV_Handler
                0x080038ac        0x2 Application/User/stm32f3xx_it.o
                0x080038ac                PendSV_Handler
 .text.SysTick_Handler
                0x080038ae        0x4 Application/User/stm32f3xx_it.o
                0x080038ae                SysTick_Handler
 .text.EXTI9_5_IRQHandler
                0x080038b2        0x6 Application/User/stm32f3xx_it.o
                0x080038b2                EXTI9_5_IRQHandler
 .text.__libc_init_array
                0x080038b8       0x4c c:/ac6/systemworkbench/plugins/fr.ac6.mcu.externaltools.arm-none.win32_1.3.0.201507241045/tools/compiler/bin/../lib/gcc/arm-none-eabi/4.9.3/../../../../arm-none-eabi/lib/armv7e-m/fpu\libc_nano.a(lib_a-init.o)
                0x080038b8                __libc_init_array
 *(.glue_7)
 .glue_7        0x00000000        0x0 linker stubs
 *(.glue_7t)
 .glue_7t       0x00000000        0x0 linker stubs
 *(.eh_frame)
 .eh_frame      0x08003904        0x0 c:/ac6/systemworkbench/plugins/fr.ac6.mcu.externaltools.arm-none.win32_1.3.0.201507241045/tools/compiler/bin/../lib/gcc/arm-none-eabi/4.9.3/armv7e-m/fpu/crtbegin.o
 *(.init)
 .init          0x08003904        0x4 c:/ac6/systemworkbench/plugins/fr.ac6.mcu.externaltools.arm-none.win32_1.3.0.201507241045/tools/compiler/bin/../lib/gcc/arm-none-eabi/4.9.3/armv7e-m/fpu/crti.o
                0x08003904                _init
 .init          0x08003908        0x8 c:/ac6/systemworkbench/plugins/fr.ac6.mcu.externaltools.arm-none.win32_1.3.0.201507241045/tools/compiler/bin/../lib/gcc/arm-none-eabi/4.9.3/armv7e-m/fpu/crtn.o
 *(.fini)
 .fini          0x08003910        0x4 c:/ac6/systemworkbench/plugins/fr.ac6.mcu.externaltools.arm-none.win32_1.3.0.201507241045/tools/compiler/bin/../lib/gcc/arm-none-eabi/4.9.3/armv7e-m/fpu/crti.o
                0x08003910                _fini
 .fini          0x08003914        0x8 c:/ac6/systemworkbench/plugins/fr.ac6.mcu.externaltools.arm-none.win32_1.3.0.201507241045/tools/compiler/bin/../lib/gcc/arm-none-eabi/4.9.3/armv7e-m/fpu/crtn.o
                0x0800391c                . = ALIGN (0x4)
                0x0800391c                _etext = .

.vfp11_veneer   0x0800391c        0x0
 .vfp11_veneer  0x00000000        0x0 linker stubs

.v4_bx          0x0800391c        0x0
 .v4_bx         0x00000000        0x0 linker stubs

.iplt           0x0800391c        0x0
 .iplt          0x00000000        0x0 c:/ac6/systemworkbench/plugins/fr.ac6.mcu.externaltools.arm-none.win32_1.3.0.201507241045/tools/compiler/bin/../lib/gcc/arm-none-eabi/4.9.3/armv7e-m/fpu/crtbegin.o

.rodata         0x0800391c      0x190
                0x0800391c                . = ALIGN (0x4)
 *(.rodata)
 .rodata        0x0800391c       0x14 Middlewares/FatFs/Drivers/sd_diskio.o
                0x0800391c                SD_Driver
 .rodata        0x08003930       0xac Middlewares/FatFs/Core/ff.o
 .rodata        0x080039dc       0x30 Drivers/STM32F3xx_HAL_Driver/stm32f3xx_hal_rcc.o
                0x080039dc                aPredivFactorTable
                0x080039ec                aPLLMULFactorTable
                0x080039fc                aAPBAHBPrescTable
 .rodata        0x08003a0c       0x32 Drivers/BSP/STM32303E_EVAL/stm32303e_eval.o
                0x08003a0c                LED_PIN
                0x08003a14                BUTTON_PIN
                0x08003a20                BUTTON_IRQn
                0x08003a26                JOY_PIN
                0x08003a30                JOY_IRQn
                0x08003a36                COM_RX_AF
                0x08003a38                COM_TX_AF
                0x08003a3a                COM_RX_PIN
                0x08003a3c                COM_TX_PIN
 *(.rodata*)
 .rodata.str1.1
                0x08003a3e       0x43 Middlewares/FatFs/Core/ff.o
 .rodata.str1.1
                0x08003a81       0x2b Application/User/main.o
                0x08003aac                . = ALIGN (0x4)

.rel.dyn        0x08003aac        0x0
 .rel.iplt      0x00000000        0x0 c:/ac6/systemworkbench/plugins/fr.ac6.mcu.externaltools.arm-none.win32_1.3.0.201507241045/tools/compiler/bin/../lib/gcc/arm-none-eabi/4.9.3/armv7e-m/fpu/crtbegin.o

.ARM.extab
 *(.ARM.extab* .gnu.linkonce.armextab.*)

.ARM            0x08003aac        0x0
                0x08003aac                __exidx_start = .
 *(.ARM.exidx*)
                0x08003aac                __exidx_end = .

.preinit_array  0x08003aac        0x0
                0x08003aac                PROVIDE (__preinit_array_start, .)
 *(.preinit_array*)
                0x08003aac                PROVIDE (__preinit_array_end, .)

.init_array     0x08003aac        0x4
                0x08003aac                PROVIDE (__init_array_start, .)
 *(SORT(.init_array.*))
 *(.init_array*)
 .init_array    0x08003aac        0x4 c:/ac6/systemworkbench/plugins/fr.ac6.mcu.externaltools.arm-none.win32_1.3.0.201507241045/tools/compiler/bin/../lib/gcc/arm-none-eabi/4.9.3/armv7e-m/fpu/crtbegin.o
                0x08003ab0                PROVIDE (__init_array_end, .)

.fini_array     0x08003ab0        0x4
                0x08003ab0                PROVIDE (__fini_array_start, .)
 *(SORT(.fini_array.*))
 *(.fini_array*)
 .fini_array    0x08003ab0        0x4 c:/ac6/systemworkbench/plugins/fr.ac6.mcu.externaltools.arm-none.win32_1.3.0.201507241045/tools/compiler/bin/../lib/gcc/arm-none-eabi/4.9.3/armv7e-m/fpu/crtbegin.o
                0x08003ab4                PROVIDE (__fini_array_end, .)
                0x08003ab4                _sidata = LOADADDR (.data)

.data           0x20000000       0x5c load address 0x08003ab4
                0x20000000                . = ALIGN (0x4)
                0x20000000                _sdata = .
 *(.data)
 .data          0x20000000        0x1 Middlewares/FatFs/Drivers/sd_diskio.o
 *fill*         0x20000001        0x3 
 .data          0x20000004        0x4 Drivers/CMSIS/system_stm32f3xx.o
                0x20000004                SystemCoreClock
 .data          0x20000008       0x50 Drivers/BSP/STM32303E_EVAL/stm32303e_eval.o
                0x20000008                SpixTimeout
                0x2000000c                LED_PORT
                0x2000001c                BUTTON_PORT
                0x20000034                JOY_PORT
                0x20000048                COM_TX_PORT
                0x2000004c                COM_RX_PORT
                0x20000050                COM_USART
                0x20000054                I2cxTimeout
 .data          0x20000058        0x1 Drivers/BSP/STM32303E_EVAL/stm32303e_eval_sd.o
                0x20000058                SdStatus
 *(.data*)
                0x2000005c                . = ALIGN (0x4)
 *fill*         0x20000059        0x3 
                0x2000005c                _edata = .
                0x08003b10                _siccmram = LOADADDR (.ccmram)

.jcr            0x2000005c        0x0 load address 0x08003b10
 .jcr           0x2000005c        0x0 c:/ac6/systemworkbench/plugins/fr.ac6.mcu.externaltools.arm-none.win32_1.3.0.201507241045/tools/compiler/bin/../lib/gcc/arm-none-eabi/4.9.3/armv7e-m/fpu/crtbegin.o

.igot.plt       0x2000005c        0x0 load address 0x08003b10
 .igot.plt      0x00000000        0x0 c:/ac6/systemworkbench/plugins/fr.ac6.mcu.externaltools.arm-none.win32_1.3.0.201507241045/tools/compiler/bin/../lib/gcc/arm-none-eabi/4.9.3/armv7e-m/fpu/crtbegin.o

.ccmram         0x10000000        0x0 load address 0x08003b10
                0x10000000                . = ALIGN (0x4)
                0x10000000                _sccmram = .
 *(.ccmram)
 *(.ccmram*)
                0x10000000                . = ALIGN (0x4)
                0x10000000                _eccmram = .
                0x10000000                . = ALIGN (0x4)

.bss            0x2000005c      0x588
                0x2000005c                _sbss = .
                0x2000005c                __bss_start__ = _sbss
 *(.bss)
 .bss           0x2000005c       0x1c c:/ac6/systemworkbench/plugins/fr.ac6.mcu.externaltools.arm-none.win32_1.3.0.201507241045/tools/compiler/bin/../lib/gcc/arm-none-eabi/4.9.3/armv7e-m/fpu/crtbegin.o
 .bss           0x20000078       0x98 Middlewares/FatFs/Core/ff.o
 .bss           0x20000110        0xc Middlewares/FatFs/Core/ff_gen_drv.o
                0x20000110                disk
 .bss           0x2000011c        0x4 Drivers/STM32F3xx_HAL_Driver/stm32f3xx_hal.o
 .bss           0x20000120       0x64 Drivers/BSP/STM32303E_EVAL/stm32303e_eval.o
 *(.bss*)
 *(COMMON)
 COMMON         0x20000184      0x460 Application/User/main.o
                0x20000184                SDPath
                0x20000188                SDFatFs
                0x200003b8                MyFile
                0x200005e4                . = ALIGN (0x4)
                0x200005e4                _ebss = .
                0x200005e4                __bss_end__ = _ebss

._user_heap_stack
                0x200005e4      0x704
                0x200005e8                . = ALIGN (0x8)
 *fill*         0x200005e4        0x4 
                0x200005e8                PROVIDE (end, .)
                0x200005e8                PROVIDE (_end, .)
                0x200007e8                . = (. + _Min_Heap_Size)
 *fill*         0x200005e8      0x200 
                0x20000ce8                . = (. + _Min_Stack_Size)
 *fill*         0x200007e8      0x500 
                0x20000ce8                . = ALIGN (0x8)

/DISCARD/
 libc.a(*)
 libm.a(*)
 libgcc.a(*)

.ARM.attributes
                0x00000000       0x30
 *(.ARM.attributes)
 .ARM.attributes
                0x00000000       0x22 c:/ac6/systemworkbench/plugins/fr.ac6.mcu.externaltools.arm-none.win32_1.3.0.201507241045/tools/compiler/bin/../lib/gcc/arm-none-eabi/4.9.3/armv7e-m/fpu/crti.o
 .ARM.attributes
                0x00000022       0x34 c:/ac6/systemworkbench/plugins/fr.ac6.mcu.externaltools.arm-none.win32_1.3.0.201507241045/tools/compiler/bin/../lib/gcc/arm-none-eabi/4.9.3/armv7e-m/fpu/crtbegin.o
 .ARM.attributes
                0x00000056       0x39 Middlewares/FatFs/Drivers/sd_diskio.o
 .ARM.attributes
                0x0000008f       0x39 Middlewares/FatFs/Core/diskio.o
 .ARM.attributes
                0x000000c8       0x39 Middlewares/FatFs/Core/ff.o
 .ARM.attributes
                0x00000101       0x39 Middlewares/FatFs/Core/ff_gen_drv.o
 .ARM.attributes
                0x0000013a       0x21 Example/SW4STM32/startup_stm32f303xe.o
 .ARM.attributes
                0x0000015b       0x39 Drivers/STM32F3xx_HAL_Driver/stm32f3xx_hal.o
 .ARM.attributes
                0x00000194       0x39 Drivers/STM32F3xx_HAL_Driver/stm32f3xx_hal_cortex.o
 .ARM.attributes
                0x000001cd       0x39 Drivers/STM32F3xx_HAL_Driver/stm32f3xx_hal_gpio.o
 .ARM.attributes
                0x00000206       0x39 Drivers/STM32F3xx_HAL_Driver/stm32f3xx_hal_rcc.o
 .ARM.attributes
                0x0000023f       0x39 Drivers/STM32F3xx_HAL_Driver/stm32f3xx_hal_spi.o
 .ARM.attributes
                0x00000278       0x39 Drivers/CMSIS/system_stm32f3xx.o
 .ARM.attributes
                0x000002b1       0x39 Drivers/BSP/STM32303E_EVAL/stm32303e_eval.o
 .ARM.attributes
                0x000002ea       0x39 Drivers/BSP/STM32303E_EVAL/stm32303e_eval_sd.o
 .ARM.attributes
                0x00000323       0x39 Application/User/main.o
 .ARM.attributes
                0x0000035c       0x39 Application/User/stm32f3xx_it.o
 .ARM.attributes
                0x00000395       0x34 c:/ac6/systemworkbench/plugins/fr.ac6.mcu.externaltools.arm-none.win32_1.3.0.201507241045/tools/compiler/bin/../lib/gcc/arm-none-eabi/4.9.3/../../../../arm-none-eabi/lib/armv7e-m/fpu\libc_nano.a(lib_a-init.o)
 .ARM.attributes
                0x000003c9       0x22 c:/ac6/systemworkbench/plugins/fr.ac6.mcu.externaltools.arm-none.win32_1.3.0.201507241045/tools/compiler/bin/../lib/gcc/arm-none-eabi/4.9.3/armv7e-m/fpu/crtn.o
OUTPUT(STM32303E_EVAL.elf elf32-littlearm)

.debug_info     0x00000000     0xe87f
 .debug_info    0x00000000      0x7e3 Middlewares/FatFs/Drivers/sd_diskio.o
 .debug_info    0x000007e3      0x447 Middlewares/FatFs/Core/diskio.o
 .debug_info    0x00000c2a     0x39d8 Middlewares/FatFs/Core/ff.o
 .debug_info    0x00004602      0x496 Middlewares/FatFs/Core/ff_gen_drv.o
 .debug_info    0x00004a98      0x13d Example/SW4STM32/startup_stm32f303xe.o
 .debug_info    0x00004bd5      0x75a Drivers/STM32F3xx_HAL_Driver/stm32f3xx_hal.o
 .debug_info    0x0000532f      0xe3d Drivers/STM32F3xx_HAL_Driver/stm32f3xx_hal_cortex.o
 .debug_info    0x0000616c      0x718 Drivers/STM32F3xx_HAL_Driver/stm32f3xx_hal_gpio.o
 .debug_info    0x00006884     0x15d0 Drivers/STM32F3xx_HAL_Driver/stm32f3xx_hal_rcc.o
 .debug_info    0x00007e54     0x1c85 Drivers/STM32F3xx_HAL_Driver/stm32f3xx_hal_spi.o
 .debug_info    0x00009ad9      0x3bd Drivers/CMSIS/system_stm32f3xx.o
 .debug_info    0x00009e96     0x304f Drivers/BSP/STM32303E_EVAL/stm32303e_eval.o
 .debug_info    0x0000cee5      0xcad Drivers/BSP/STM32303E_EVAL/stm32303e_eval_sd.o
 .debug_info    0x0000db92      0xb4f Application/User/main.o
 .debug_info    0x0000e6e1      0x19e Application/User/stm32f3xx_it.o

.debug_abbrev   0x00000000     0x2148
 .debug_abbrev  0x00000000      0x1fe Middlewares/FatFs/Drivers/sd_diskio.o
 .debug_abbrev  0x000001fe      0x18d Middlewares/FatFs/Core/diskio.o
 .debug_abbrev  0x0000038b      0x3b8 Middlewares/FatFs/Core/ff.o
 .debug_abbrev  0x00000743      0x1d5 Middlewares/FatFs/Core/ff_gen_drv.o
 .debug_abbrev  0x00000918       0x12 Example/SW4STM32/startup_stm32f303xe.o
 .debug_abbrev  0x0000092a      0x1e5 Drivers/STM32F3xx_HAL_Driver/stm32f3xx_hal.o
 .debug_abbrev  0x00000b0f      0x2f1 Drivers/STM32F3xx_HAL_Driver/stm32f3xx_hal_cortex.o
 .debug_abbrev  0x00000e00      0x1c9 Drivers/STM32F3xx_HAL_Driver/stm32f3xx_hal_gpio.o
 .debug_abbrev  0x00000fc9      0x2ff Drivers/STM32F3xx_HAL_Driver/stm32f3xx_hal_rcc.o
 .debug_abbrev  0x000012c8      0x354 Drivers/STM32F3xx_HAL_Driver/stm32f3xx_hal_spi.o
 .debug_abbrev  0x0000161c      0x104 Drivers/CMSIS/system_stm32f3xx.o
 .debug_abbrev  0x00001720      0x3a3 Drivers/BSP/STM32303E_EVAL/stm32303e_eval.o
 .debug_abbrev  0x00001ac3      0x30d Drivers/BSP/STM32303E_EVAL/stm32303e_eval_sd.o
 .debug_abbrev  0x00001dd0      0x2a3 Application/User/main.o
 .debug_abbrev  0x00002073       0xd5 Application/User/stm32f3xx_it.o

.debug_loc      0x00000000     0x883e
 .debug_loc     0x00000000      0x372 Middlewares/FatFs/Drivers/sd_diskio.o
 .debug_loc     0x00000372      0x1c6 Middlewares/FatFs/Core/diskio.o
 .debug_loc     0x00000538     0x4256 Middlewares/FatFs/Core/ff.o
 .debug_loc     0x0000478e      0x2e0 Middlewares/FatFs/Core/ff_gen_drv.o
 .debug_loc     0x00004a6e       0x3d Drivers/STM32F3xx_HAL_Driver/stm32f3xx_hal.o
 .debug_loc     0x00004aab      0x31e Drivers/STM32F3xx_HAL_Driver/stm32f3xx_hal_cortex.o
 .debug_loc     0x00004dc9      0x305 Drivers/STM32F3xx_HAL_Driver/stm32f3xx_hal_gpio.o
 .debug_loc     0x000050ce      0xd06 Drivers/STM32F3xx_HAL_Driver/stm32f3xx_hal_rcc.o
 .debug_loc     0x00005dd4     0x15c6 Drivers/STM32F3xx_HAL_Driver/stm32f3xx_hal_spi.o
 .debug_loc     0x0000739a       0xcc Drivers/CMSIS/system_stm32f3xx.o
 .debug_loc     0x00007466      0xe49 Drivers/BSP/STM32303E_EVAL/stm32303e_eval.o
 .debug_loc     0x000082af      0x545 Drivers/BSP/STM32303E_EVAL/stm32303e_eval_sd.o
 .debug_loc     0x000087f4       0x4a Application/User/main.o

.debug_aranges  0x00000000      0x928
 .debug_aranges
                0x00000000       0x40 Middlewares/FatFs/Drivers/sd_diskio.o
 .debug_aranges
                0x00000040       0x48 Middlewares/FatFs/Core/diskio.o
 .debug_aranges
                0x00000088      0x1b0 Middlewares/FatFs/Core/ff.o
 .debug_aranges
                0x00000238       0x40 Middlewares/FatFs/Core/ff_gen_drv.o
 .debug_aranges
                0x00000278       0x28 Example/SW4STM32/startup_stm32f303xe.o
 .debug_aranges
                0x000002a0       0xb0 Drivers/STM32F3xx_HAL_Driver/stm32f3xx_hal.o
 .debug_aranges
                0x00000350       0x98 Drivers/STM32F3xx_HAL_Driver/stm32f3xx_hal_cortex.o
 .debug_aranges
                0x000003e8       0x58 Drivers/STM32F3xx_HAL_Driver/stm32f3xx_hal_gpio.o
 .debug_aranges
                0x00000440       0x88 Drivers/STM32F3xx_HAL_Driver/stm32f3xx_hal_rcc.o
 .debug_aranges
                0x000004c8      0x1c8 Drivers/STM32F3xx_HAL_Driver/stm32f3xx_hal_spi.o
 .debug_aranges
                0x00000690       0x28 Drivers/CMSIS/system_stm32f3xx.o
 .debug_aranges
                0x000006b8      0x178 Drivers/BSP/STM32303E_EVAL/stm32303e_eval.o
 .debug_aranges
                0x00000830       0x58 Drivers/BSP/STM32303E_EVAL/stm32303e_eval_sd.o
 .debug_aranges
                0x00000888       0x38 Application/User/main.o
 .debug_aranges
                0x000008c0       0x68 Application/User/stm32f3xx_it.o

.debug_ranges   0x00000000      0xd80
 .debug_ranges  0x00000000       0x30 Middlewares/FatFs/Drivers/sd_diskio.o
 .debug_ranges  0x00000030       0x38 Middlewares/FatFs/Core/diskio.o
 .debug_ranges  0x00000068      0x268 Middlewares/FatFs/Core/ff.o
 .debug_ranges  0x000002d0       0x30 Middlewares/FatFs/Core/ff_gen_drv.o
 .debug_ranges  0x00000300       0x20 Example/SW4STM32/startup_stm32f303xe.o
 .debug_ranges  0x00000320       0xa0 Drivers/STM32F3xx_HAL_Driver/stm32f3xx_hal.o
 .debug_ranges  0x000003c0      0x120 Drivers/STM32F3xx_HAL_Driver/stm32f3xx_hal_cortex.o
 .debug_ranges  0x000004e0       0x60 Drivers/STM32F3xx_HAL_Driver/stm32f3xx_hal_gpio.o
 .debug_ranges  0x00000540      0x108 Drivers/STM32F3xx_HAL_Driver/stm32f3xx_hal_rcc.o
 .debug_ranges  0x00000648      0x218 Drivers/STM32F3xx_HAL_Driver/stm32f3xx_hal_spi.o
 .debug_ranges  0x00000860       0x18 Drivers/CMSIS/system_stm32f3xx.o
 .debug_ranges  0x00000878      0x3f8 Drivers/BSP/STM32303E_EVAL/stm32303e_eval.o
 .debug_ranges  0x00000c70       0x90 Drivers/BSP/STM32303E_EVAL/stm32303e_eval_sd.o
 .debug_ranges  0x00000d00       0x28 Application/User/main.o
 .debug_ranges  0x00000d28       0x58 Application/User/stm32f3xx_it.o

.debug_macro    0x00000000     0x2d88
 .debug_macro   0x00000000      0x2cf Middlewares/FatFs/Drivers/sd_diskio.o
 .debug_macro   0x000002cf      0x166 Middlewares/FatFs/Drivers/sd_diskio.o
 .debug_macro   0x00000435       0x10 Middlewares/FatFs/Drivers/sd_diskio.o
 .debug_macro   0x00000445       0x16 Middlewares/FatFs/Drivers/sd_diskio.o
 .debug_macro   0x0000045b       0x7c Middlewares/FatFs/Drivers/sd_diskio.o
 .debug_macro   0x000004d7      0x2b8 Middlewares/FatFs/Core/diskio.o
 .debug_macro   0x0000078f      0x4ff Middlewares/FatFs/Core/ff.o
 .debug_macro   0x00000c8e       0x8e Middlewares/FatFs/Core/ff.o
 .debug_macro   0x00000d1c       0x52 Middlewares/FatFs/Core/ff.o
 .debug_macro   0x00000d6e      0x2b8 Middlewares/FatFs/Core/ff_gen_drv.o
 .debug_macro   0x00001026      0x284 Drivers/STM32F3xx_HAL_Driver/stm32f3xx_hal.o
 .debug_macro   0x000012aa      0x260 Drivers/STM32F3xx_HAL_Driver/stm32f3xx_hal_cortex.o
 .debug_macro   0x0000150a      0x298 Drivers/STM32F3xx_HAL_Driver/stm32f3xx_hal_gpio.o
 .debug_macro   0x000017a2      0x272 Drivers/STM32F3xx_HAL_Driver/stm32f3xx_hal_rcc.o
 .debug_macro   0x00001a14      0x267 Drivers/STM32F3xx_HAL_Driver/stm32f3xx_hal_spi.o
 .debug_macro   0x00001c7b      0x266 Drivers/CMSIS/system_stm32f3xx.o
 .debug_macro   0x00001ee1      0x2e1 Drivers/BSP/STM32303E_EVAL/stm32303e_eval.o
 .debug_macro   0x000021c2      0x392 Drivers/BSP/STM32303E_EVAL/stm32303e_eval.o
 .debug_macro   0x00002554      0x28a Drivers/BSP/STM32303E_EVAL/stm32303e_eval_sd.o
 .debug_macro   0x000027de      0x2d0 Application/User/main.o
 .debug_macro   0x00002aae      0x2da Application/User/stm32f3xx_it.o

.debug_line     0x00000000     0xa0a3
 .debug_line    0x00000000      0x968 Middlewares/FatFs/Drivers/sd_diskio.o
 .debug_line    0x00000968      0x8e0 Middlewares/FatFs/Core/diskio.o
 .debug_line    0x00001248     0x164b Middlewares/FatFs/Core/ff.o
 .debug_line    0x00002893      0x8e8 Middlewares/FatFs/Core/ff_gen_drv.o
 .debug_line    0x0000317b       0xeb Example/SW4STM32/startup_stm32f303xe.o
 .debug_line    0x00003266      0x918 Drivers/STM32F3xx_HAL_Driver/stm32f3xx_hal.o
 .debug_line    0x00003b7e      0x9a9 Drivers/STM32F3xx_HAL_Driver/stm32f3xx_hal_cortex.o
 .debug_line    0x00004527      0x95b Drivers/STM32F3xx_HAL_Driver/stm32f3xx_hal_gpio.o
 .debug_line    0x00004e82      0xd1b Drivers/STM32F3xx_HAL_Driver/stm32f3xx_hal_rcc.o
 .debug_line    0x00005b9d     0x11a8 Drivers/STM32F3xx_HAL_Driver/stm32f3xx_hal_spi.o
 .debug_line    0x00006d45      0x817 Drivers/CMSIS/system_stm32f3xx.o
 .debug_line    0x0000755c      0xdbe Drivers/BSP/STM32303E_EVAL/stm32303e_eval.o
 .debug_line    0x0000831a      0x96f Drivers/BSP/STM32303E_EVAL/stm32303e_eval_sd.o
 .debug_line    0x00008c89      0x9f0 Application/User/main.o
 .debug_line    0x00009679      0xa2a Application/User/stm32f3xx_it.o

.debug_str      0x00000000    0x80b71
 .debug_str     0x00000000    0x7cc83 Middlewares/FatFs/Drivers/sd_diskio.o
                              0x7cf18 (size before relaxing)
 .debug_str     0x0007cc83       0x99 Middlewares/FatFs/Core/diskio.o
                              0x7cbe6 (size before relaxing)
 .debug_str     0x0007cd1c      0xe6d Middlewares/FatFs/Core/ff.o
                              0x7da2f (size before relaxing)
 .debug_str     0x0007db89       0xd8 Middlewares/FatFs/Core/ff_gen_drv.o
                              0x7cc37 (size before relaxing)
 .debug_str     0x0007dc61      0x6e6 Drivers/STM32F3xx_HAL_Driver/stm32f3xx_hal.o
                              0x7ac4d (size before relaxing)
 .debug_str     0x0007e347      0x3e1 Drivers/STM32F3xx_HAL_Driver/stm32f3xx_hal_cortex.o
                              0x7ad35 (size before relaxing)
 .debug_str     0x0007e728      0x38d Drivers/STM32F3xx_HAL_Driver/stm32f3xx_hal_gpio.o
                              0x7a78a (size before relaxing)
 .debug_str     0x0007eab5      0x374 Drivers/STM32F3xx_HAL_Driver/stm32f3xx_hal_rcc.o
                              0x7a84e (size before relaxing)
 .debug_str     0x0007ee29      0x891 Drivers/STM32F3xx_HAL_Driver/stm32f3xx_hal_spi.o
                              0x7ac8b (size before relaxing)
 .debug_str     0x0007f6ba       0xd9 Drivers/CMSIS/system_stm32f3xx.o
                              0x7a4d2 (size before relaxing)
 .debug_str     0x0007f793      0xf8b Drivers/BSP/STM32303E_EVAL/stm32303e_eval.o
                              0x7da08 (size before relaxing)
 .debug_str     0x0008071e      0x231 Drivers/BSP/STM32303E_EVAL/stm32303e_eval_sd.o
                              0x7c9b1 (size before relaxing)
 .debug_str     0x0008094f       0xec Application/User/main.o
                              0x7d0af (size before relaxing)
 .debug_str     0x00080a3b      0x136 Application/User/stm32f3xx_it.o
                              0x7cc0d (size before relaxing)

.comment        0x00000000       0x70
 .comment       0x00000000       0x70 Middlewares/FatFs/Drivers/sd_diskio.o
                                 0x71 (size before relaxing)
 .comment       0x00000000       0x71 Middlewares/FatFs/Core/diskio.o
 .comment       0x00000000       0x71 Middlewares/FatFs/Core/ff.o
 .comment       0x00000000       0x71 Middlewares/FatFs/Core/ff_gen_drv.o
 .comment       0x00000000       0x71 Drivers/STM32F3xx_HAL_Driver/stm32f3xx_hal.o
 .comment       0x00000000       0x71 Drivers/STM32F3xx_HAL_Driver/stm32f3xx_hal_cortex.o
 .comment       0x00000000       0x71 Drivers/STM32F3xx_HAL_Driver/stm32f3xx_hal_gpio.o
 .comment       0x00000000       0x71 Drivers/STM32F3xx_HAL_Driver/stm32f3xx_hal_rcc.o
 .comment       0x00000000       0x71 Drivers/STM32F3xx_HAL_Driver/stm32f3xx_hal_spi.o
 .comment       0x00000000       0x71 Drivers/CMSIS/system_stm32f3xx.o
 .comment       0x00000000       0x71 Drivers/BSP/STM32303E_EVAL/stm32303e_eval.o
 .comment       0x00000000       0x71 Drivers/BSP/STM32303E_EVAL/stm32303e_eval_sd.o
 .comment       0x00000000       0x71 Application/User/main.o
 .comment       0x00000000       0x71 Application/User/stm32f3xx_it.o

.debug_frame    0x00000000     0x18f4
 .debug_frame   0x00000000       0x90 Middlewares/FatFs/Drivers/sd_diskio.o
 .debug_frame   0x00000090       0x9c Middlewares/FatFs/Core/diskio.o
 .debug_frame   0x0000012c      0x634 Middlewares/FatFs/Core/ff.o
 .debug_frame   0x00000760       0x6c Middlewares/FatFs/Core/ff_gen_drv.o
 .debug_frame   0x000007cc      0x164 Drivers/STM32F3xx_HAL_Driver/stm32f3xx_hal.o
 .debug_frame   0x00000930      0x134 Drivers/STM32F3xx_HAL_Driver/stm32f3xx_hal_cortex.o
 .debug_frame   0x00000a64       0xc8 Drivers/STM32F3xx_HAL_Driver/stm32f3xx_hal_gpio.o
 .debug_frame   0x00000b2c      0x14c Drivers/STM32F3xx_HAL_Driver/stm32f3xx_hal_rcc.o
 .debug_frame   0x00000c78      0x538 Drivers/STM32F3xx_HAL_Driver/stm32f3xx_hal_spi.o
 .debug_frame   0x000011b0       0x38 Drivers/CMSIS/system_stm32f3xx.o
 .debug_frame   0x000011e8      0x4c8 Drivers/BSP/STM32303E_EVAL/stm32303e_eval.o
 .debug_frame   0x000016b0       0xf0 Drivers/BSP/STM32303E_EVAL/stm32303e_eval_sd.o
 .debug_frame   0x000017a0       0x78 Application/User/main.o
 .debug_frame   0x00001818       0xb0 Application/User/stm32f3xx_it.o
 .debug_frame   0x000018c8       0x2c c:/ac6/systemworkbench/plugins/fr.ac6.mcu.externaltools.arm-none.win32_1.3.0.201507241045/tools/compiler/bin/../lib/gcc/arm-none-eabi/4.9.3/../../../../arm-none-eabi/lib/armv7e-m/fpu\libc_nano.a(lib_a-init.o)
